// Jest Snapshot v1, https://goo.gl/fbAQLP

exports[`<Explore/> component : display <Explore/> component  1`] = `
Object {
  "asFragment": [Function],
  "baseElement": .css-0 {
  padding-bottom: 5rem;
}

.css-1 {
  margin: 1rem 0;
  margin-left: 1rem;
}

.css-1 input {
  height: 40px;
  width: 70%;
  border-radius: 30px;
  font-size: 1rem;
  padding-left: 1.2rem;
}

@media screen and (max-width: 530px) {
  .css-1 input {
    font-size: 0.9rem;
  }
}

.css-2 .tabs {
  display: -webkit-box;
  display: -webkit-flex;
  display: -ms-flexbox;
  display: flex;
  -webkit-box-pack: space-around;
  -ms-flex-pack: space-around;
  -webkit-justify-content: space-around;
  justify-content: space-around;
  border-bottom: 2px solid undefined;
}

.css-2 span {
  cursor: pointer;
  margin-bottom: 0.4rem;
}

.css-2 span.active {
  border-bottom: 2px solid undefined;
  font-weight: 500;
}

.css-3 {
  height: 70vh;
  font-size: 1.1rem;
  text-align: justify;
  display: -webkit-box;
  display: -webkit-flex;
  display: -ms-flexbox;
  display: flex;
  -webkit-flex-direction: column;
  -ms-flex-direction: column;
  flex-direction: column;
  -webkit-align-items: center;
  -webkit-box-align: center;
  -ms-flex-align: center;
  align-items: center;
  -webkit-box-pack: center;
  -ms-flex-pack: center;
  -webkit-justify-content: center;
  justify-content: center;
  padding: 4rem;
}

@media screen and (max-width: 530px) {
  .css-3 {
    font-size: 1rem;
  }
}

<body>
    <div>
      <div
        class="css-0"
      >
        <div
          class="css-1"
        >
          <form>
            <input
              placeholder="Search by tags, tweets, people"
              type="text"
              value=""
            />
          </form>
        </div>
        <div
          class="css-2"
        >
          <div
            class="tabs"
          >
            <span
              class="active"
            >
              Tweets
            </span>
            <span
              class=""
            >
              Tags
            </span>
            <span
              class=""
            >
              Users
            </span>
          </div>
          <div
            class="css-3"
          >
            <p>
              Use the search bar to find tags, people and tweets
            </p>
          </div>
        </div>
      </div>
    </div>
  </body>,
  "container": .css-0 {
  padding-bottom: 5rem;
}

.css-1 {
  margin: 1rem 0;
  margin-left: 1rem;
}

.css-1 input {
  height: 40px;
  width: 70%;
  border-radius: 30px;
  font-size: 1rem;
  padding-left: 1.2rem;
}

@media screen and (max-width: 530px) {
  .css-1 input {
    font-size: 0.9rem;
  }
}

.css-2 .tabs {
  display: -webkit-box;
  display: -webkit-flex;
  display: -ms-flexbox;
  display: flex;
  -webkit-box-pack: space-around;
  -ms-flex-pack: space-around;
  -webkit-justify-content: space-around;
  justify-content: space-around;
  border-bottom: 2px solid undefined;
}

.css-2 span {
  cursor: pointer;
  margin-bottom: 0.4rem;
}

.css-2 span.active {
  border-bottom: 2px solid undefined;
  font-weight: 500;
}

.css-3 {
  height: 70vh;
  font-size: 1.1rem;
  text-align: justify;
  display: -webkit-box;
  display: -webkit-flex;
  display: -ms-flexbox;
  display: flex;
  -webkit-flex-direction: column;
  -ms-flex-direction: column;
  flex-direction: column;
  -webkit-align-items: center;
  -webkit-box-align: center;
  -ms-flex-align: center;
  align-items: center;
  -webkit-box-pack: center;
  -ms-flex-pack: center;
  -webkit-justify-content: center;
  justify-content: center;
  padding: 4rem;
}

@media screen and (max-width: 530px) {
  .css-3 {
    font-size: 1rem;
  }
}

<div>
    <div
      class="css-0"
    >
      <div
        class="css-1"
      >
        <form>
          <input
            placeholder="Search by tags, tweets, people"
            type="text"
            value=""
          />
        </form>
      </div>
      <div
        class="css-2"
      >
        <div
          class="tabs"
        >
          <span
            class="active"
          >
            Tweets
          </span>
          <span
            class=""
          >
            Tags
          </span>
          <span
            class=""
          >
            Users
          </span>
        </div>
        <div
          class="css-3"
        >
          <p>
            Use the search bar to find tags, people and tweets
          </p>
        </div>
      </div>
    </div>
  </div>,
  "debug": [Function],
  "findAllByAltText": [Function],
  "findAllByDisplayValue": [Function],
  "findAllByLabelText": [Function],
  "findAllByPlaceholderText": [Function],
  "findAllByRole": [Function],
  "findAllByTestId": [Function],
  "findAllByText": [Function],
  "findAllByTitle": [Function],
  "findByAltText": [Function],
  "findByDisplayValue": [Function],
  "findByLabelText": [Function],
  "findByPlaceholderText": [Function],
  "findByRole": [Function],
  "findByTestId": [Function],
  "findByText": [Function],
  "findByTitle": [Function],
  "getAllByAltText": [Function],
  "getAllByDisplayValue": [Function],
  "getAllByLabelText": [Function],
  "getAllByPlaceholderText": [Function],
  "getAllByRole": [Function],
  "getAllByTestId": [Function],
  "getAllByText": [Function],
  "getAllByTitle": [Function],
  "getByAltText": [Function],
  "getByDisplayValue": [Function],
  "getByLabelText": [Function],
  "getByPlaceholderText": [Function],
  "getByRole": [Function],
  "getByTestId": [Function],
  "getByText": [Function],
  "getByTitle": [Function],
  "queryAllByAltText": [Function],
  "queryAllByDisplayValue": [Function],
  "queryAllByLabelText": [Function],
  "queryAllByPlaceholderText": [Function],
  "queryAllByRole": [Function],
  "queryAllByTestId": [Function],
  "queryAllByText": [Function],
  "queryAllByTitle": [Function],
  "queryByAltText": [Function],
  "queryByDisplayValue": [Function],
  "queryByLabelText": [Function],
  "queryByPlaceholderText": [Function],
  "queryByRole": [Function],
  "queryByTestId": [Function],
  "queryByText": [Function],
  "queryByTitle": [Function],
  "rerender": [Function],
  "unmount": [Function],
}
`;
