// Jest Snapshot v1, https://goo.gl/fbAQLP

exports[`<ImageSuggestionGrid/> component : display <ImageSuggestionGrid/> component  when ImageSuggestion have list 1`] = `
Object {
  "asFragment": [Function],
  "baseElement": <body>
    <div>
      <ul
        class="MuiImageList-root MuiImageList-standard css-1697m5v-MuiImageList-root"
        style="grid-template-columns: repeat(2, 1fr); gap: 2px;"
      >
        <li
          class="MuiImageListItem-root MuiImageListItem-standard css-1dkra14-MuiImageListItem-root"
          style="height: auto; grid-column-end: span 1; grid-row-end: span 1;"
        >
          <img
            alt="Agree"
            class="MuiImageListItem-img"
            loading="lazy"
            src="https://media1.giphy.com/media/kv5fbxHVAEOjrHeCLk/giphy_s.gif?cid=98acca89t2c5cumi60zzq78tvkqcj0iqezzrbq0s44x3bu4v&rid=giphy_s.gif&ct=g"
          />
          <div
            class="MuiImageListItemBar-root MuiImageListItemBar-positionTop css-15n6zrv-MuiImageListItemBar-root"
          >
            <div
              class="MuiImageListItemBar-titleWrap MuiImageListItemBar-titleWrapTop css-1lizpae-MuiImageListItemBar-titleWrap"
            >
              <div
                class="MuiImageListItemBar-title css-dasnyc-MuiImageListItemBar-title"
              >
                Agree
              </div>
            </div>
          </div>
        </li>
        <li
          class="MuiImageListItem-root MuiImageListItem-standard css-1dkra14-MuiImageListItem-root"
          style="height: auto; grid-column-end: span 1; grid-row-end: span 1;"
        >
          <img
            alt="Applause"
            class="MuiImageListItem-img"
            loading="lazy"
            src="https://media1.giphy.com/media/l4q8cJzGdR9J8w3hS/giphy_s.gif?cid=98acca89lyifzm3mudq0bog52k410yeges58a6f5cbt0w2v3&rid=giphy_s.gif&ct=g"
          />
          <div
            class="MuiImageListItemBar-root MuiImageListItemBar-positionTop css-15n6zrv-MuiImageListItemBar-root"
          >
            <div
              class="MuiImageListItemBar-titleWrap MuiImageListItemBar-titleWrapTop css-1lizpae-MuiImageListItemBar-titleWrap"
            >
              <div
                class="MuiImageListItemBar-title css-dasnyc-MuiImageListItemBar-title"
              >
                Applause
              </div>
            </div>
          </div>
        </li>
        <li
          class="MuiImageListItem-root MuiImageListItem-standard css-1dkra14-MuiImageListItem-root"
          style="height: auto; grid-column-end: span 1; grid-row-end: span 1;"
        >
          <img
            alt="Awww"
            class="MuiImageListItem-img"
            loading="lazy"
            src="https://media0.giphy.com/media/PQKlfexeEpnTq/giphy_s.gif?cid=98acca89m052jkawoephpt5wk9pke3grfu14lzz3lquj47x9&rid=giphy_s.gif&ct=g"
          />
          <div
            class="MuiImageListItemBar-root MuiImageListItemBar-positionTop css-15n6zrv-MuiImageListItemBar-root"
          >
            <div
              class="MuiImageListItemBar-titleWrap MuiImageListItemBar-titleWrapTop css-1lizpae-MuiImageListItemBar-titleWrap"
            >
              <div
                class="MuiImageListItemBar-title css-dasnyc-MuiImageListItemBar-title"
              >
                Awww
              </div>
            </div>
          </div>
        </li>
        <li
          class="MuiImageListItem-root MuiImageListItem-standard css-1dkra14-MuiImageListItem-root"
          style="height: auto; grid-column-end: span 1; grid-row-end: span 1;"
        >
          <img
            alt="Dance"
            class="MuiImageListItem-img"
            loading="lazy"
            src="https://media1.giphy.com/media/l3V0lsGtTMSB5YNgc/giphy_s.gif?cid=98acca89lhp4eoklr02vmqvqdpw8ustx6hsszclfo2wvjk0w&rid=giphy_s.gif&ct=g"
          />
          <div
            class="MuiImageListItemBar-root MuiImageListItemBar-positionTop css-15n6zrv-MuiImageListItemBar-root"
          >
            <div
              class="MuiImageListItemBar-titleWrap MuiImageListItemBar-titleWrapTop css-1lizpae-MuiImageListItemBar-titleWrap"
            >
              <div
                class="MuiImageListItemBar-title css-dasnyc-MuiImageListItemBar-title"
              >
                Dance
              </div>
            </div>
          </div>
        </li>
        <li
          class="MuiImageListItem-root MuiImageListItem-standard css-1dkra14-MuiImageListItem-root"
          style="height: auto; grid-column-end: span 1; grid-row-end: span 1;"
        >
          <img
            alt="Deal with it"
            class="MuiImageListItem-img"
            loading="lazy"
            src="https://media2.giphy.com/media/Nx2Lx1RmLadtC/giphy_s.gif?cid=98acca89ef1xi3wqng6ja3ixkm1ip62s2gtzueisk129erot&rid=giphy_s.gif&ct=g"
          />
          <div
            class="MuiImageListItemBar-root MuiImageListItemBar-positionTop css-15n6zrv-MuiImageListItemBar-root"
          >
            <div
              class="MuiImageListItemBar-titleWrap MuiImageListItemBar-titleWrapTop css-1lizpae-MuiImageListItemBar-titleWrap"
            >
              <div
                class="MuiImageListItemBar-title css-dasnyc-MuiImageListItemBar-title"
              >
                Deal with it
              </div>
            </div>
          </div>
        </li>
        <li
          class="MuiImageListItem-root MuiImageListItem-standard css-1dkra14-MuiImageListItem-root"
          style="height: auto; grid-column-end: span 1; grid-row-end: span 1;"
        >
          <img
            alt="Do not want"
            class="MuiImageListItem-img"
            loading="lazy"
            src="https://media0.giphy.com/media/26hkhKd2Cp5WMWU1O/giphy_s.gif?cid=98acca89jtyy5ytcp5c3ms895hszblcyw3n0vih5dpqhpnv1&rid=giphy_s.gif&ct=g"
          />
          <div
            class="MuiImageListItemBar-root MuiImageListItemBar-positionTop css-15n6zrv-MuiImageListItemBar-root"
          >
            <div
              class="MuiImageListItemBar-titleWrap MuiImageListItemBar-titleWrapTop css-1lizpae-MuiImageListItemBar-titleWrap"
            >
              <div
                class="MuiImageListItemBar-title css-dasnyc-MuiImageListItemBar-title"
              >
                Do not want
              </div>
            </div>
          </div>
        </li>
        <li
          class="MuiImageListItem-root MuiImageListItem-standard css-1dkra14-MuiImageListItem-root"
          style="height: auto; grid-column-end: span 1; grid-row-end: span 1;"
        >
          <img
            alt="Eww"
            class="MuiImageListItem-img"
            loading="lazy"
            src="https://media4.giphy.com/media/10FHR5A4cXqVrO/giphy_s.gif?cid=98acca89dofmg9geecyxjlkhh6dq9j2mwdl2qbs78amy8b9o&rid=giphy_s.gif&ct=g"
          />
          <div
            class="MuiImageListItemBar-root MuiImageListItemBar-positionTop css-15n6zrv-MuiImageListItemBar-root"
          >
            <div
              class="MuiImageListItemBar-titleWrap MuiImageListItemBar-titleWrapTop css-1lizpae-MuiImageListItemBar-titleWrap"
            >
              <div
                class="MuiImageListItemBar-title css-dasnyc-MuiImageListItemBar-title"
              >
                Eww
              </div>
            </div>
          </div>
        </li>
        <li
          class="MuiImageListItem-root MuiImageListItem-standard css-1dkra14-MuiImageListItem-root"
          style="height: auto; grid-column-end: span 1; grid-row-end: span 1;"
        >
          <img
            alt="Eye roll"
            class="MuiImageListItem-img"
            loading="lazy"
            src="https://media0.giphy.com/media/sbwjM9VRh0mLm/giphy_s.gif?cid=98acca89r5k5fxv14vsp1873llycslntkyze1eseddi74hn8&rid=giphy_s.gif&ct=g"
          />
          <div
            class="MuiImageListItemBar-root MuiImageListItemBar-positionTop css-15n6zrv-MuiImageListItemBar-root"
          >
            <div
              class="MuiImageListItemBar-titleWrap MuiImageListItemBar-titleWrapTop css-1lizpae-MuiImageListItemBar-titleWrap"
            >
              <div
                class="MuiImageListItemBar-title css-dasnyc-MuiImageListItemBar-title"
              >
                Eye roll
              </div>
            </div>
          </div>
        </li>
        <li
          class="MuiImageListItem-root MuiImageListItem-standard css-1dkra14-MuiImageListItem-root"
          style="height: auto; grid-column-end: span 1; grid-row-end: span 1;"
        >
          <img
            alt="Facepalm"
            class="MuiImageListItem-img"
            loading="lazy"
            src="https://media1.giphy.com/media/3oEjI67Egb8G9jqs3m/giphy_s.gif?cid=98acca89dvldkz8j5vj5908lkftkjmh1vplfsv52gstsb0q9&rid=giphy_s.gif&ct=g"
          />
          <div
            class="MuiImageListItemBar-root MuiImageListItemBar-positionTop css-15n6zrv-MuiImageListItemBar-root"
          >
            <div
              class="MuiImageListItemBar-titleWrap MuiImageListItemBar-titleWrapTop css-1lizpae-MuiImageListItemBar-titleWrap"
            >
              <div
                class="MuiImageListItemBar-title css-dasnyc-MuiImageListItemBar-title"
              >
                Facepalm
              </div>
            </div>
          </div>
        </li>
        <li
          class="MuiImageListItem-root MuiImageListItem-standard css-1dkra14-MuiImageListItem-root"
          style="height: auto; grid-column-end: span 1; grid-row-end: span 1;"
        >
          <img
            alt="Fist bump"
            class="MuiImageListItem-img"
            loading="lazy"
            src="https://media1.giphy.com/media/UjCXeFnYcI2R2/giphy_s.gif?cid=98acca89c1wwy8r7ltxnc9rq1ywa1wez19af3980spen63sn&rid=giphy_s.gif&ct=g"
          />
          <div
            class="MuiImageListItemBar-root MuiImageListItemBar-positionTop css-15n6zrv-MuiImageListItemBar-root"
          >
            <div
              class="MuiImageListItemBar-titleWrap MuiImageListItemBar-titleWrapTop css-1lizpae-MuiImageListItemBar-titleWrap"
            >
              <div
                class="MuiImageListItemBar-title css-dasnyc-MuiImageListItemBar-title"
              >
                Fist bump
              </div>
            </div>
          </div>
        </li>
        <li
          class="MuiImageListItem-root MuiImageListItem-standard css-1dkra14-MuiImageListItem-root"
          style="height: auto; grid-column-end: span 1; grid-row-end: span 1;"
        >
          <img
            alt="Good luck"
            class="MuiImageListItem-img"
            loading="lazy"
            src="https://media3.giphy.com/media/3oeSAz6FqXCKuNFX6o/giphy_s.gif?cid=98acca89q5uecb9dl351cjyrtk7xzrm0twwddhabde2s2fz0&rid=giphy_s.gif&ct=g"
          />
          <div
            class="MuiImageListItemBar-root MuiImageListItemBar-positionTop css-15n6zrv-MuiImageListItemBar-root"
          >
            <div
              class="MuiImageListItemBar-titleWrap MuiImageListItemBar-titleWrapTop css-1lizpae-MuiImageListItemBar-titleWrap"
            >
              <div
                class="MuiImageListItemBar-title css-dasnyc-MuiImageListItemBar-title"
              >
                Good luck
              </div>
            </div>
          </div>
        </li>
        <li
          class="MuiImageListItem-root MuiImageListItem-standard css-1dkra14-MuiImageListItem-root"
          style="height: auto; grid-column-end: span 1; grid-row-end: span 1;"
        >
          <img
            alt="Happy dance"
            class="MuiImageListItem-img"
            loading="lazy"
            src="https://media4.giphy.com/media/26DOpJRJMhRPGqUsE/giphy_s.gif?cid=98acca8933csc0m8ay1pe435djk8tg1u469yv0knr9po5ss4&rid=giphy_s.gif&ct=g"
          />
          <div
            class="MuiImageListItemBar-root MuiImageListItemBar-positionTop css-15n6zrv-MuiImageListItemBar-root"
          >
            <div
              class="MuiImageListItemBar-titleWrap MuiImageListItemBar-titleWrapTop css-1lizpae-MuiImageListItemBar-titleWrap"
            >
              <div
                class="MuiImageListItemBar-title css-dasnyc-MuiImageListItemBar-title"
              >
                Happy dance
              </div>
            </div>
          </div>
        </li>
        <li
          class="MuiImageListItem-root MuiImageListItem-standard css-1dkra14-MuiImageListItem-root"
          style="height: auto; grid-column-end: span 1; grid-row-end: span 1;"
        >
          <img
            alt="Hearts"
            class="MuiImageListItem-img"
            loading="lazy"
            src="https://media0.giphy.com/media/3o7TKoWXm3okO1kgHC/giphy_s.gif?cid=98acca893wqqket6tm64rjcoro6fgtkgee9v68uylnkwux8u&rid=giphy_s.gif&ct=g"
          />
          <div
            class="MuiImageListItemBar-root MuiImageListItemBar-positionTop css-15n6zrv-MuiImageListItemBar-root"
          >
            <div
              class="MuiImageListItemBar-titleWrap MuiImageListItemBar-titleWrapTop css-1lizpae-MuiImageListItemBar-titleWrap"
            >
              <div
                class="MuiImageListItemBar-title css-dasnyc-MuiImageListItemBar-title"
              >
                Hearts
              </div>
            </div>
          </div>
        </li>
        <li
          class="MuiImageListItem-root MuiImageListItem-standard css-1dkra14-MuiImageListItem-root"
          style="height: auto; grid-column-end: span 1; grid-row-end: span 1;"
        >
          <img
            alt="High five"
            class="MuiImageListItem-img"
            loading="lazy"
            src="https://media2.giphy.com/media/l0ErFafpUCQTQFMSk/giphy_s.gif?cid=98acca898d8apm3twf6l4fe75d0plrlgcr75bup94o2stpc1&rid=giphy_s.gif&ct=g"
          />
          <div
            class="MuiImageListItemBar-root MuiImageListItemBar-positionTop css-15n6zrv-MuiImageListItemBar-root"
          >
            <div
              class="MuiImageListItemBar-titleWrap MuiImageListItemBar-titleWrapTop css-1lizpae-MuiImageListItemBar-titleWrap"
            >
              <div
                class="MuiImageListItemBar-title css-dasnyc-MuiImageListItemBar-title"
              >
                High five
              </div>
            </div>
          </div>
        </li>
        <li
          class="MuiImageListItem-root MuiImageListItem-standard css-1dkra14-MuiImageListItem-root"
          style="height: auto; grid-column-end: span 1; grid-row-end: span 1;"
        >
          <img
            alt="Hug"
            class="MuiImageListItem-img"
            loading="lazy"
            src="https://media2.giphy.com/media/9SIOr28d2Ud3uJRqel/giphy_s.gif?cid=98acca89rw2dbvyxi9k3u5xke29m24m199krv25ezereiqvb&rid=giphy_s.gif&ct=g"
          />
          <div
            class="MuiImageListItemBar-root MuiImageListItemBar-positionTop css-15n6zrv-MuiImageListItemBar-root"
          >
            <div
              class="MuiImageListItemBar-titleWrap MuiImageListItemBar-titleWrapTop css-1lizpae-MuiImageListItemBar-titleWrap"
            >
              <div
                class="MuiImageListItemBar-title css-dasnyc-MuiImageListItemBar-title"
              >
                Hug
              </div>
            </div>
          </div>
        </li>
        <li
          class="MuiImageListItem-root MuiImageListItem-standard css-1dkra14-MuiImageListItem-root"
          style="height: auto; grid-column-end: span 1; grid-row-end: span 1;"
        >
          <img
            alt="IDK"
            class="MuiImageListItem-img"
            loading="lazy"
            src="https://media3.giphy.com/media/l3vRkGgMfvANIFtE4/giphy_s.gif?cid=98acca89atdnliuioz6g7n4ax7nu5uejqi47e051kvbyzulf&rid=giphy_s.gif&ct=g"
          />
          <div
            class="MuiImageListItemBar-root MuiImageListItemBar-positionTop css-15n6zrv-MuiImageListItemBar-root"
          >
            <div
              class="MuiImageListItemBar-titleWrap MuiImageListItemBar-titleWrapTop css-1lizpae-MuiImageListItemBar-titleWrap"
            >
              <div
                class="MuiImageListItemBar-title css-dasnyc-MuiImageListItemBar-title"
              >
                IDK
              </div>
            </div>
          </div>
        </li>
        <li
          class="MuiImageListItem-root MuiImageListItem-standard css-1dkra14-MuiImageListItem-root"
          style="height: auto; grid-column-end: span 1; grid-row-end: span 1;"
        >
          <img
            alt="Kiss"
            class="MuiImageListItem-img"
            loading="lazy"
            src="https://media2.giphy.com/media/TfEtuvZ4sviFlgjdVT/giphy_s.gif?cid=98acca89mgxkzbo99b59dj89bjv2iisdmsfopogi4afjknq7&rid=giphy_s.gif&ct=g"
          />
          <div
            class="MuiImageListItemBar-root MuiImageListItemBar-positionTop css-15n6zrv-MuiImageListItemBar-root"
          >
            <div
              class="MuiImageListItemBar-titleWrap MuiImageListItemBar-titleWrapTop css-1lizpae-MuiImageListItemBar-titleWrap"
            >
              <div
                class="MuiImageListItemBar-title css-dasnyc-MuiImageListItemBar-title"
              >
                Kiss
              </div>
            </div>
          </div>
        </li>
        <li
          class="MuiImageListItem-root MuiImageListItem-standard css-1dkra14-MuiImageListItem-root"
          style="height: auto; grid-column-end: span 1; grid-row-end: span 1;"
        >
          <img
            alt="Mic drop"
            class="MuiImageListItem-img"
            loading="lazy"
            src="https://media2.giphy.com/media/xT9DPhONuz1SpCONiM/giphy_s.gif?cid=98acca89ceylxs7smjv334ek0ioe4ffoa89ossef4ovye5or&rid=giphy_s.gif&ct=g"
          />
          <div
            class="MuiImageListItemBar-root MuiImageListItemBar-positionTop css-15n6zrv-MuiImageListItemBar-root"
          >
            <div
              class="MuiImageListItemBar-titleWrap MuiImageListItemBar-titleWrapTop css-1lizpae-MuiImageListItemBar-titleWrap"
            >
              <div
                class="MuiImageListItemBar-title css-dasnyc-MuiImageListItemBar-title"
              >
                Mic drop
              </div>
            </div>
          </div>
        </li>
        <li
          class="MuiImageListItem-root MuiImageListItem-standard css-1dkra14-MuiImageListItem-root"
          style="height: auto; grid-column-end: span 1; grid-row-end: span 1;"
        >
          <img
            alt="No"
            class="MuiImageListItem-img"
            loading="lazy"
            src="https://media3.giphy.com/media/JtLrtaN4VPoKXJRKGB/giphy_s.gif?cid=98acca89islw1ytcxxs1p9i8acynsrokdtuezbg6c44zkowa&rid=giphy_s.gif&ct=g"
          />
          <div
            class="MuiImageListItemBar-root MuiImageListItemBar-positionTop css-15n6zrv-MuiImageListItemBar-root"
          >
            <div
              class="MuiImageListItemBar-titleWrap MuiImageListItemBar-titleWrapTop css-1lizpae-MuiImageListItemBar-titleWrap"
            >
              <div
                class="MuiImageListItemBar-title css-dasnyc-MuiImageListItemBar-title"
              >
                No
              </div>
            </div>
          </div>
        </li>
        <li
          class="MuiImageListItem-root MuiImageListItem-standard css-1dkra14-MuiImageListItem-root"
          style="height: auto; grid-column-end: span 1; grid-row-end: span 1;"
        >
          <img
            alt="OMG"
            class="MuiImageListItem-img"
            loading="lazy"
            src="https://media0.giphy.com/media/TgOYjtgKpS9jAytUlh/giphy_s.gif?cid=98acca899esm1hqlml7ievz1vxxp2zl41kwxzxb7tudo6t5e&rid=giphy_s.gif&ct=g"
          />
          <div
            class="MuiImageListItemBar-root MuiImageListItemBar-positionTop css-15n6zrv-MuiImageListItemBar-root"
          >
            <div
              class="MuiImageListItemBar-titleWrap MuiImageListItemBar-titleWrapTop css-1lizpae-MuiImageListItemBar-titleWrap"
            >
              <div
                class="MuiImageListItemBar-title css-dasnyc-MuiImageListItemBar-title"
              >
                OMG
              </div>
            </div>
          </div>
        </li>
        <li
          class="MuiImageListItem-root MuiImageListItem-standard css-1dkra14-MuiImageListItem-root"
          style="height: auto; grid-column-end: span 1; grid-row-end: span 1;"
        >
          <img
            alt="Oh snap"
            class="MuiImageListItem-img"
            loading="lazy"
            src="https://media2.giphy.com/media/l0Iy1y4WfKMXzDNUk/giphy_s.gif?cid=98acca89pb0wv9m1s837amlx3bmv5jlvkb4wmgmudobs4gvf&rid=giphy_s.gif&ct=g"
          />
          <div
            class="MuiImageListItemBar-root MuiImageListItemBar-positionTop css-15n6zrv-MuiImageListItemBar-root"
          >
            <div
              class="MuiImageListItemBar-titleWrap MuiImageListItemBar-titleWrapTop css-1lizpae-MuiImageListItemBar-titleWrap"
            >
              <div
                class="MuiImageListItemBar-title css-dasnyc-MuiImageListItemBar-title"
              >
                Oh snap
              </div>
            </div>
          </div>
        </li>
        <li
          class="MuiImageListItem-root MuiImageListItem-standard css-1dkra14-MuiImageListItem-root"
          style="height: auto; grid-column-end: span 1; grid-row-end: span 1;"
        >
          <img
            alt="Ok"
            class="MuiImageListItem-img"
            loading="lazy"
            src="https://media0.giphy.com/media/l0MYKDrj6SXHz8YYU/giphy_s.gif?cid=98acca890om8bcm6bjt4roqi0gdy9qlzqpg7wl0jzrcpc90h&rid=giphy_s.gif&ct=g"
          />
          <div
            class="MuiImageListItemBar-root MuiImageListItemBar-positionTop css-15n6zrv-MuiImageListItemBar-root"
          >
            <div
              class="MuiImageListItemBar-titleWrap MuiImageListItemBar-titleWrapTop css-1lizpae-MuiImageListItemBar-titleWrap"
            >
              <div
                class="MuiImageListItemBar-title css-dasnyc-MuiImageListItemBar-title"
              >
                Ok
              </div>
            </div>
          </div>
        </li>
        <li
          class="MuiImageListItem-root MuiImageListItem-standard css-1dkra14-MuiImageListItem-root"
          style="height: auto; grid-column-end: span 1; grid-row-end: span 1;"
        >
          <img
            alt="Oops"
            class="MuiImageListItem-img"
            loading="lazy"
            src="https://media4.giphy.com/media/mvyvXwL26FfAtRCLPk/giphy_s.gif?cid=98acca89cvwms2mwnr9v3lchagnbk3ek77q0bcw3ux54crr1&rid=giphy_s.gif&ct=g"
          />
          <div
            class="MuiImageListItemBar-root MuiImageListItemBar-positionTop css-15n6zrv-MuiImageListItemBar-root"
          >
            <div
              class="MuiImageListItemBar-titleWrap MuiImageListItemBar-titleWrapTop css-1lizpae-MuiImageListItemBar-titleWrap"
            >
              <div
                class="MuiImageListItemBar-title css-dasnyc-MuiImageListItemBar-title"
              >
                Oops
              </div>
            </div>
          </div>
        </li>
        <li
          class="MuiImageListItem-root MuiImageListItem-standard css-1dkra14-MuiImageListItem-root"
          style="height: auto; grid-column-end: span 1; grid-row-end: span 1;"
        >
          <img
            alt="Please"
            class="MuiImageListItem-img"
            loading="lazy"
            src="https://media0.giphy.com/media/I1nwVpCaB4k36/giphy_s.gif?cid=98acca895qapn48pqmfaz3ml20voyjebjl87i9vwxh6qe9vc&rid=giphy_s.gif&ct=g"
          />
          <div
            class="MuiImageListItemBar-root MuiImageListItemBar-positionTop css-15n6zrv-MuiImageListItemBar-root"
          >
            <div
              class="MuiImageListItemBar-titleWrap MuiImageListItemBar-titleWrapTop css-1lizpae-MuiImageListItemBar-titleWrap"
            >
              <div
                class="MuiImageListItemBar-title css-dasnyc-MuiImageListItemBar-title"
              >
                Please
              </div>
            </div>
          </div>
        </li>
        <li
          class="MuiImageListItem-root MuiImageListItem-standard css-1dkra14-MuiImageListItem-root"
          style="height: auto; grid-column-end: span 1; grid-row-end: span 1;"
        >
          <img
            alt="Popcorn"
            class="MuiImageListItem-img"
            loading="lazy"
            src="https://media2.giphy.com/media/l0HlPystfePnAI3G8/giphy_s.gif?cid=98acca8990b70bmesyy4ixba3mc6b9x8q52e13x0kte2zpeq&rid=giphy_s.gif&ct=g"
          />
          <div
            class="MuiImageListItemBar-root MuiImageListItemBar-positionTop css-15n6zrv-MuiImageListItemBar-root"
          >
            <div
              class="MuiImageListItemBar-titleWrap MuiImageListItemBar-titleWrapTop css-1lizpae-MuiImageListItemBar-titleWrap"
            >
              <div
                class="MuiImageListItemBar-title css-dasnyc-MuiImageListItemBar-title"
              >
                Popcorn
              </div>
            </div>
          </div>
        </li>
        <li
          class="MuiImageListItem-root MuiImageListItem-standard css-1dkra14-MuiImageListItem-root"
          style="height: auto; grid-column-end: span 1; grid-row-end: span 1;"
        >
          <img
            alt="SMH"
            class="MuiImageListItem-img"
            loading="lazy"
            src="https://media1.giphy.com/media/26ueYUlPAmUkTBAM8/giphy_s.gif?cid=98acca89qp9ygj606he1iqlgo2fh4rt7x7egejvjlwa2dku5&rid=giphy_s.gif&ct=g"
          />
          <div
            class="MuiImageListItemBar-root MuiImageListItemBar-positionTop css-15n6zrv-MuiImageListItemBar-root"
          >
            <div
              class="MuiImageListItemBar-titleWrap MuiImageListItemBar-titleWrapTop css-1lizpae-MuiImageListItemBar-titleWrap"
            >
              <div
                class="MuiImageListItemBar-title css-dasnyc-MuiImageListItemBar-title"
              >
                SMH
              </div>
            </div>
          </div>
        </li>
        <li
          class="MuiImageListItem-root MuiImageListItem-standard css-1dkra14-MuiImageListItem-root"
          style="height: auto; grid-column-end: span 1; grid-row-end: span 1;"
        >
          <img
            alt="Scared"
            class="MuiImageListItem-img"
            loading="lazy"
            src="https://media4.giphy.com/media/igi0dS20WxPJvroIgW/giphy_s.gif?cid=98acca897fsesm505a511zloenafxycfphgdc5snk5kqc1x9&rid=giphy_s.gif&ct=g"
          />
          <div
            class="MuiImageListItemBar-root MuiImageListItemBar-positionTop css-15n6zrv-MuiImageListItemBar-root"
          >
            <div
              class="MuiImageListItemBar-titleWrap MuiImageListItemBar-titleWrapTop css-1lizpae-MuiImageListItemBar-titleWrap"
            >
              <div
                class="MuiImageListItemBar-title css-dasnyc-MuiImageListItemBar-title"
              >
                Scared
              </div>
            </div>
          </div>
        </li>
        <li
          class="MuiImageListItem-root MuiImageListItem-standard css-1dkra14-MuiImageListItem-root"
          style="height: auto; grid-column-end: span 1; grid-row-end: span 1;"
        >
          <img
            alt="Seriously"
            class="MuiImageListItem-img"
            loading="lazy"
            src="https://media1.giphy.com/media/l3V0H7bYv5Ml5TOfu/giphy_s.gif?cid=98acca893trecda86aqrhc0r46f89oppjf8yy5l8qlty86yf&rid=giphy_s.gif&ct=g"
          />
          <div
            class="MuiImageListItemBar-root MuiImageListItemBar-positionTop css-15n6zrv-MuiImageListItemBar-root"
          >
            <div
              class="MuiImageListItemBar-titleWrap MuiImageListItemBar-titleWrapTop css-1lizpae-MuiImageListItemBar-titleWrap"
            >
              <div
                class="MuiImageListItemBar-title css-dasnyc-MuiImageListItemBar-title"
              >
                Seriously
              </div>
            </div>
          </div>
        </li>
        <li
          class="MuiImageListItem-root MuiImageListItem-standard css-1dkra14-MuiImageListItem-root"
          style="height: auto; grid-column-end: span 1; grid-row-end: span 1;"
        >
          <img
            alt="Shocked"
            class="MuiImageListItem-img"
            loading="lazy"
            src="https://media1.giphy.com/media/tfUW8mhiFk8NlJhgEh/giphy_s.gif?cid=98acca89kovdc6sxeiiyill93xd3iz7db6tp0zq09zw7da7g&rid=giphy_s.gif&ct=g"
          />
          <div
            class="MuiImageListItemBar-root MuiImageListItemBar-positionTop css-15n6zrv-MuiImageListItemBar-root"
          >
            <div
              class="MuiImageListItemBar-titleWrap MuiImageListItemBar-titleWrapTop css-1lizpae-MuiImageListItemBar-titleWrap"
            >
              <div
                class="MuiImageListItemBar-title css-dasnyc-MuiImageListItemBar-title"
              >
                Shocked
              </div>
            </div>
          </div>
        </li>
        <li
          class="MuiImageListItem-root MuiImageListItem-standard css-1dkra14-MuiImageListItem-root"
          style="height: auto; grid-column-end: span 1; grid-row-end: span 1;"
        >
          <img
            alt="Shrug"
            class="MuiImageListItem-img"
            loading="lazy"
            src="https://media0.giphy.com/media/eLvhchyvNNOuLbOtYP/giphy_s.gif?cid=98acca89rmskykhalf58dvq4exx7wbpwpibga75h6nezmfs8&rid=giphy_s.gif&ct=g"
          />
          <div
            class="MuiImageListItemBar-root MuiImageListItemBar-positionTop css-15n6zrv-MuiImageListItemBar-root"
          >
            <div
              class="MuiImageListItemBar-titleWrap MuiImageListItemBar-titleWrapTop css-1lizpae-MuiImageListItemBar-titleWrap"
            >
              <div
                class="MuiImageListItemBar-title css-dasnyc-MuiImageListItemBar-title"
              >
                Shrug
              </div>
            </div>
          </div>
        </li>
        <li
          class="MuiImageListItem-root MuiImageListItem-standard css-1dkra14-MuiImageListItem-root"
          style="height: auto; grid-column-end: span 1; grid-row-end: span 1;"
        >
          <img
            alt="Sigh"
            class="MuiImageListItem-img"
            loading="lazy"
            src="https://media2.giphy.com/media/l4JyRqcDU93S334KQ/giphy_s.gif?cid=98acca89fnvirk6xbgnf36ksinmp71jusushujr4hrons5zo&rid=giphy_s.gif&ct=g"
          />
          <div
            class="MuiImageListItemBar-root MuiImageListItemBar-positionTop css-15n6zrv-MuiImageListItemBar-root"
          >
            <div
              class="MuiImageListItemBar-titleWrap MuiImageListItemBar-titleWrapTop css-1lizpae-MuiImageListItemBar-titleWrap"
            >
              <div
                class="MuiImageListItemBar-title css-dasnyc-MuiImageListItemBar-title"
              >
                Sigh
              </div>
            </div>
          </div>
        </li>
        <li
          class="MuiImageListItem-root MuiImageListItem-standard css-1dkra14-MuiImageListItem-root"
          style="height: auto; grid-column-end: span 1; grid-row-end: span 1;"
        >
          <img
            alt="Slow clap"
            class="MuiImageListItem-img"
            loading="lazy"
            src="https://media0.giphy.com/media/3JTpczfnK4q1kbYYaJ/giphy_s.gif?cid=98acca8915rkl2us35si2jbpat64c56gyir4d5utsuibua7m&rid=giphy_s.gif&ct=g"
          />
          <div
            class="MuiImageListItemBar-root MuiImageListItemBar-positionTop css-15n6zrv-MuiImageListItemBar-root"
          >
            <div
              class="MuiImageListItemBar-titleWrap MuiImageListItemBar-titleWrapTop css-1lizpae-MuiImageListItemBar-titleWrap"
            >
              <div
                class="MuiImageListItemBar-title css-dasnyc-MuiImageListItemBar-title"
              >
                Slow clap
              </div>
            </div>
          </div>
        </li>
        <li
          class="MuiImageListItem-root MuiImageListItem-standard css-1dkra14-MuiImageListItem-root"
          style="height: auto; grid-column-end: span 1; grid-row-end: span 1;"
        >
          <img
            alt="Sorry"
            class="MuiImageListItem-img"
            loading="lazy"
            src="https://media3.giphy.com/media/3ohA2ZD9EkeK2AyfdK/giphy_s.gif?cid=98acca890mb4wyyfaydfbp0bbhvvw4jdjolsq9c3ygonu0z0&rid=giphy_s.gif&ct=g"
          />
          <div
            class="MuiImageListItemBar-root MuiImageListItemBar-positionTop css-15n6zrv-MuiImageListItemBar-root"
          >
            <div
              class="MuiImageListItemBar-titleWrap MuiImageListItemBar-titleWrapTop css-1lizpae-MuiImageListItemBar-titleWrap"
            >
              <div
                class="MuiImageListItemBar-title css-dasnyc-MuiImageListItemBar-title"
              >
                Sorry
              </div>
            </div>
          </div>
        </li>
        <li
          class="MuiImageListItem-root MuiImageListItem-standard css-1dkra14-MuiImageListItem-root"
          style="height: auto; grid-column-end: span 1; grid-row-end: span 1;"
        >
          <img
            alt="Thank you"
            class="MuiImageListItem-img"
            loading="lazy"
            src="https://media4.giphy.com/media/Pnh0Lou03fv92J4puZ/giphy_s.gif?cid=98acca89mj9psya7f3euxhv16gsvzg85fer223varh5cdayy&rid=giphy_s.gif&ct=g"
          />
          <div
            class="MuiImageListItemBar-root MuiImageListItemBar-positionTop css-15n6zrv-MuiImageListItemBar-root"
          >
            <div
              class="MuiImageListItemBar-titleWrap MuiImageListItemBar-titleWrapTop css-1lizpae-MuiImageListItemBar-titleWrap"
            >
              <div
                class="MuiImageListItemBar-title css-dasnyc-MuiImageListItemBar-title"
              >
                Thank you
              </div>
            </div>
          </div>
        </li>
        <li
          class="MuiImageListItem-root MuiImageListItem-standard css-1dkra14-MuiImageListItem-root"
          style="height: auto; grid-column-end: span 1; grid-row-end: span 1;"
        >
          <img
            alt="Thumbs down"
            class="MuiImageListItem-img"
            loading="lazy"
            src="https://media2.giphy.com/media/dC9Hk5uVVux4HUE5ya/giphy_s.gif?cid=98acca89sdutbphgfvdur6t99pnhhyo98nt77jns9nf04mj6&rid=giphy_s.gif&ct=g"
          />
          <div
            class="MuiImageListItemBar-root MuiImageListItemBar-positionTop css-15n6zrv-MuiImageListItemBar-root"
          >
            <div
              class="MuiImageListItemBar-titleWrap MuiImageListItemBar-titleWrapTop css-1lizpae-MuiImageListItemBar-titleWrap"
            >
              <div
                class="MuiImageListItemBar-title css-dasnyc-MuiImageListItemBar-title"
              >
                Thumbs down
              </div>
            </div>
          </div>
        </li>
        <li
          class="MuiImageListItem-root MuiImageListItem-standard css-1dkra14-MuiImageListItem-root"
          style="height: auto; grid-column-end: span 1; grid-row-end: span 1;"
        >
          <img
            alt="Thumbs up"
            class="MuiImageListItem-img"
            loading="lazy"
            src="https://media2.giphy.com/media/3o7absbD7PbTFQa0c8/giphy_s.gif?cid=98acca89m5zln3qqk3wz3m34h8zka0hvqn5vtzhfcww0ojkg&rid=giphy_s.gif&ct=g"
          />
          <div
            class="MuiImageListItemBar-root MuiImageListItemBar-positionTop css-15n6zrv-MuiImageListItemBar-root"
          >
            <div
              class="MuiImageListItemBar-titleWrap MuiImageListItemBar-titleWrapTop css-1lizpae-MuiImageListItemBar-titleWrap"
            >
              <div
                class="MuiImageListItemBar-title css-dasnyc-MuiImageListItemBar-title"
              >
                Thumbs up
              </div>
            </div>
          </div>
        </li>
        <li
          class="MuiImageListItem-root MuiImageListItem-standard css-1dkra14-MuiImageListItem-root"
          style="height: auto; grid-column-end: span 1; grid-row-end: span 1;"
        >
          <img
            alt="Want"
            class="MuiImageListItem-img"
            loading="lazy"
            src="https://media3.giphy.com/media/hgQfU8YMcfkuA/giphy_s.gif?cid=98acca89lvkytb5bbg55v9l0pkela95joafd07bc8ton3esa&rid=giphy_s.gif&ct=g"
          />
          <div
            class="MuiImageListItemBar-root MuiImageListItemBar-positionTop css-15n6zrv-MuiImageListItemBar-root"
          >
            <div
              class="MuiImageListItemBar-titleWrap MuiImageListItemBar-titleWrapTop css-1lizpae-MuiImageListItemBar-titleWrap"
            >
              <div
                class="MuiImageListItemBar-title css-dasnyc-MuiImageListItemBar-title"
              >
                Want
              </div>
            </div>
          </div>
        </li>
        <li
          class="MuiImageListItem-root MuiImageListItem-standard css-1dkra14-MuiImageListItem-root"
          style="height: auto; grid-column-end: span 1; grid-row-end: span 1;"
        >
          <img
            alt="Win"
            class="MuiImageListItem-img"
            loading="lazy"
            src="https://media3.giphy.com/media/nqi89GMgyT3va/giphy_s.gif?cid=98acca89b90kbryqdyjxqnh3z89fxjviygqulzm9mnp94615&rid=giphy_s.gif&ct=g"
          />
          <div
            class="MuiImageListItemBar-root MuiImageListItemBar-positionTop css-15n6zrv-MuiImageListItemBar-root"
          >
            <div
              class="MuiImageListItemBar-titleWrap MuiImageListItemBar-titleWrapTop css-1lizpae-MuiImageListItemBar-titleWrap"
            >
              <div
                class="MuiImageListItemBar-title css-dasnyc-MuiImageListItemBar-title"
              >
                Win
              </div>
            </div>
          </div>
        </li>
        <li
          class="MuiImageListItem-root MuiImageListItem-standard css-1dkra14-MuiImageListItem-root"
          style="height: auto; grid-column-end: span 1; grid-row-end: span 1;"
        >
          <img
            alt="Wink"
            class="MuiImageListItem-img"
            loading="lazy"
            src="https://media2.giphy.com/media/6ra84Uso2hoir3YCgb/giphy_s.gif?cid=98acca89l58jizertjgq766a2o8gyrcdrrijla334bm3m7gk&rid=giphy_s.gif&ct=g"
          />
          <div
            class="MuiImageListItemBar-root MuiImageListItemBar-positionTop css-15n6zrv-MuiImageListItemBar-root"
          >
            <div
              class="MuiImageListItemBar-titleWrap MuiImageListItemBar-titleWrapTop css-1lizpae-MuiImageListItemBar-titleWrap"
            >
              <div
                class="MuiImageListItemBar-title css-dasnyc-MuiImageListItemBar-title"
              >
                Wink
              </div>
            </div>
          </div>
        </li>
        <li
          class="MuiImageListItem-root MuiImageListItem-standard css-1dkra14-MuiImageListItem-root"
          style="height: auto; grid-column-end: span 1; grid-row-end: span 1;"
        >
          <img
            alt="YOLO"
            class="MuiImageListItem-img"
            loading="lazy"
            src="https://media2.giphy.com/media/84EQtaETcza8w/giphy_s.gif?cid=98acca89390p4wh1tx6yxjgj8n1esentvf1z1zdj45kn4z3b&rid=giphy_s.gif&ct=g"
          />
          <div
            class="MuiImageListItemBar-root MuiImageListItemBar-positionTop css-15n6zrv-MuiImageListItemBar-root"
          >
            <div
              class="MuiImageListItemBar-titleWrap MuiImageListItemBar-titleWrapTop css-1lizpae-MuiImageListItemBar-titleWrap"
            >
              <div
                class="MuiImageListItemBar-title css-dasnyc-MuiImageListItemBar-title"
              >
                YOLO
              </div>
            </div>
          </div>
        </li>
        <li
          class="MuiImageListItem-root MuiImageListItem-standard css-1dkra14-MuiImageListItem-root"
          style="height: auto; grid-column-end: span 1; grid-row-end: span 1;"
        >
          <img
            alt="Yawn"
            class="MuiImageListItem-img"
            loading="lazy"
            src="https://media0.giphy.com/media/QkR0NS30aawH6/giphy_s.gif?cid=98acca89f3goes1mfjlf6bbn5qr6xbpqpxly3pmadqveokcs&rid=giphy_s.gif&ct=g"
          />
          <div
            class="MuiImageListItemBar-root MuiImageListItemBar-positionTop css-15n6zrv-MuiImageListItemBar-root"
          >
            <div
              class="MuiImageListItemBar-titleWrap MuiImageListItemBar-titleWrapTop css-1lizpae-MuiImageListItemBar-titleWrap"
            >
              <div
                class="MuiImageListItemBar-title css-dasnyc-MuiImageListItemBar-title"
              >
                Yawn
              </div>
            </div>
          </div>
        </li>
        <li
          class="MuiImageListItem-root MuiImageListItem-standard css-1dkra14-MuiImageListItem-root"
          style="height: auto; grid-column-end: span 1; grid-row-end: span 1;"
        >
          <img
            alt="Yes"
            class="MuiImageListItem-img"
            loading="lazy"
            src="https://media0.giphy.com/media/3ohzdIuqJoo8QdKlnW/giphy_s.gif?cid=98acca89nj48er3zjtzhdvm46cx1zjcjeqgnytfz7o5gzn2k&rid=giphy_s.gif&ct=g"
          />
          <div
            class="MuiImageListItemBar-root MuiImageListItemBar-positionTop css-15n6zrv-MuiImageListItemBar-root"
          >
            <div
              class="MuiImageListItemBar-titleWrap MuiImageListItemBar-titleWrapTop css-1lizpae-MuiImageListItemBar-titleWrap"
            >
              <div
                class="MuiImageListItemBar-title css-dasnyc-MuiImageListItemBar-title"
              >
                Yes
              </div>
            </div>
          </div>
        </li>
        <li
          class="MuiImageListItem-root MuiImageListItem-standard css-1dkra14-MuiImageListItem-root"
          style="height: auto; grid-column-end: span 2; grid-row-end: span 2;"
        >
          <img
            alt="You got this"
            class="MuiImageListItem-img"
            loading="lazy"
            src="https://media0.giphy.com/media/nJ6yoH4nBNCBa/giphy_s.gif?cid=98acca89o8v1eslckhv723x8h5im09egzbmuisefauhit748&rid=giphy_s.gif&ct=g"
          />
          <div
            class="MuiImageListItemBar-root MuiImageListItemBar-positionTop css-15n6zrv-MuiImageListItemBar-root"
          >
            <div
              class="MuiImageListItemBar-titleWrap MuiImageListItemBar-titleWrapTop css-1lizpae-MuiImageListItemBar-titleWrap"
            >
              <div
                class="MuiImageListItemBar-title css-dasnyc-MuiImageListItemBar-title"
              >
                You got this
              </div>
            </div>
          </div>
        </li>
      </ul>
    </div>
  </body>,
  "container": <div>
    <ul
      class="MuiImageList-root MuiImageList-standard css-1697m5v-MuiImageList-root"
      style="grid-template-columns: repeat(2, 1fr); gap: 2px;"
    >
      <li
        class="MuiImageListItem-root MuiImageListItem-standard css-1dkra14-MuiImageListItem-root"
        style="height: auto; grid-column-end: span 1; grid-row-end: span 1;"
      >
        <img
          alt="Agree"
          class="MuiImageListItem-img"
          loading="lazy"
          src="https://media1.giphy.com/media/kv5fbxHVAEOjrHeCLk/giphy_s.gif?cid=98acca89t2c5cumi60zzq78tvkqcj0iqezzrbq0s44x3bu4v&rid=giphy_s.gif&ct=g"
        />
        <div
          class="MuiImageListItemBar-root MuiImageListItemBar-positionTop css-15n6zrv-MuiImageListItemBar-root"
        >
          <div
            class="MuiImageListItemBar-titleWrap MuiImageListItemBar-titleWrapTop css-1lizpae-MuiImageListItemBar-titleWrap"
          >
            <div
              class="MuiImageListItemBar-title css-dasnyc-MuiImageListItemBar-title"
            >
              Agree
            </div>
          </div>
        </div>
      </li>
      <li
        class="MuiImageListItem-root MuiImageListItem-standard css-1dkra14-MuiImageListItem-root"
        style="height: auto; grid-column-end: span 1; grid-row-end: span 1;"
      >
        <img
          alt="Applause"
          class="MuiImageListItem-img"
          loading="lazy"
          src="https://media1.giphy.com/media/l4q8cJzGdR9J8w3hS/giphy_s.gif?cid=98acca89lyifzm3mudq0bog52k410yeges58a6f5cbt0w2v3&rid=giphy_s.gif&ct=g"
        />
        <div
          class="MuiImageListItemBar-root MuiImageListItemBar-positionTop css-15n6zrv-MuiImageListItemBar-root"
        >
          <div
            class="MuiImageListItemBar-titleWrap MuiImageListItemBar-titleWrapTop css-1lizpae-MuiImageListItemBar-titleWrap"
          >
            <div
              class="MuiImageListItemBar-title css-dasnyc-MuiImageListItemBar-title"
            >
              Applause
            </div>
          </div>
        </div>
      </li>
      <li
        class="MuiImageListItem-root MuiImageListItem-standard css-1dkra14-MuiImageListItem-root"
        style="height: auto; grid-column-end: span 1; grid-row-end: span 1;"
      >
        <img
          alt="Awww"
          class="MuiImageListItem-img"
          loading="lazy"
          src="https://media0.giphy.com/media/PQKlfexeEpnTq/giphy_s.gif?cid=98acca89m052jkawoephpt5wk9pke3grfu14lzz3lquj47x9&rid=giphy_s.gif&ct=g"
        />
        <div
          class="MuiImageListItemBar-root MuiImageListItemBar-positionTop css-15n6zrv-MuiImageListItemBar-root"
        >
          <div
            class="MuiImageListItemBar-titleWrap MuiImageListItemBar-titleWrapTop css-1lizpae-MuiImageListItemBar-titleWrap"
          >
            <div
              class="MuiImageListItemBar-title css-dasnyc-MuiImageListItemBar-title"
            >
              Awww
            </div>
          </div>
        </div>
      </li>
      <li
        class="MuiImageListItem-root MuiImageListItem-standard css-1dkra14-MuiImageListItem-root"
        style="height: auto; grid-column-end: span 1; grid-row-end: span 1;"
      >
        <img
          alt="Dance"
          class="MuiImageListItem-img"
          loading="lazy"
          src="https://media1.giphy.com/media/l3V0lsGtTMSB5YNgc/giphy_s.gif?cid=98acca89lhp4eoklr02vmqvqdpw8ustx6hsszclfo2wvjk0w&rid=giphy_s.gif&ct=g"
        />
        <div
          class="MuiImageListItemBar-root MuiImageListItemBar-positionTop css-15n6zrv-MuiImageListItemBar-root"
        >
          <div
            class="MuiImageListItemBar-titleWrap MuiImageListItemBar-titleWrapTop css-1lizpae-MuiImageListItemBar-titleWrap"
          >
            <div
              class="MuiImageListItemBar-title css-dasnyc-MuiImageListItemBar-title"
            >
              Dance
            </div>
          </div>
        </div>
      </li>
      <li
        class="MuiImageListItem-root MuiImageListItem-standard css-1dkra14-MuiImageListItem-root"
        style="height: auto; grid-column-end: span 1; grid-row-end: span 1;"
      >
        <img
          alt="Deal with it"
          class="MuiImageListItem-img"
          loading="lazy"
          src="https://media2.giphy.com/media/Nx2Lx1RmLadtC/giphy_s.gif?cid=98acca89ef1xi3wqng6ja3ixkm1ip62s2gtzueisk129erot&rid=giphy_s.gif&ct=g"
        />
        <div
          class="MuiImageListItemBar-root MuiImageListItemBar-positionTop css-15n6zrv-MuiImageListItemBar-root"
        >
          <div
            class="MuiImageListItemBar-titleWrap MuiImageListItemBar-titleWrapTop css-1lizpae-MuiImageListItemBar-titleWrap"
          >
            <div
              class="MuiImageListItemBar-title css-dasnyc-MuiImageListItemBar-title"
            >
              Deal with it
            </div>
          </div>
        </div>
      </li>
      <li
        class="MuiImageListItem-root MuiImageListItem-standard css-1dkra14-MuiImageListItem-root"
        style="height: auto; grid-column-end: span 1; grid-row-end: span 1;"
      >
        <img
          alt="Do not want"
          class="MuiImageListItem-img"
          loading="lazy"
          src="https://media0.giphy.com/media/26hkhKd2Cp5WMWU1O/giphy_s.gif?cid=98acca89jtyy5ytcp5c3ms895hszblcyw3n0vih5dpqhpnv1&rid=giphy_s.gif&ct=g"
        />
        <div
          class="MuiImageListItemBar-root MuiImageListItemBar-positionTop css-15n6zrv-MuiImageListItemBar-root"
        >
          <div
            class="MuiImageListItemBar-titleWrap MuiImageListItemBar-titleWrapTop css-1lizpae-MuiImageListItemBar-titleWrap"
          >
            <div
              class="MuiImageListItemBar-title css-dasnyc-MuiImageListItemBar-title"
            >
              Do not want
            </div>
          </div>
        </div>
      </li>
      <li
        class="MuiImageListItem-root MuiImageListItem-standard css-1dkra14-MuiImageListItem-root"
        style="height: auto; grid-column-end: span 1; grid-row-end: span 1;"
      >
        <img
          alt="Eww"
          class="MuiImageListItem-img"
          loading="lazy"
          src="https://media4.giphy.com/media/10FHR5A4cXqVrO/giphy_s.gif?cid=98acca89dofmg9geecyxjlkhh6dq9j2mwdl2qbs78amy8b9o&rid=giphy_s.gif&ct=g"
        />
        <div
          class="MuiImageListItemBar-root MuiImageListItemBar-positionTop css-15n6zrv-MuiImageListItemBar-root"
        >
          <div
            class="MuiImageListItemBar-titleWrap MuiImageListItemBar-titleWrapTop css-1lizpae-MuiImageListItemBar-titleWrap"
          >
            <div
              class="MuiImageListItemBar-title css-dasnyc-MuiImageListItemBar-title"
            >
              Eww
            </div>
          </div>
        </div>
      </li>
      <li
        class="MuiImageListItem-root MuiImageListItem-standard css-1dkra14-MuiImageListItem-root"
        style="height: auto; grid-column-end: span 1; grid-row-end: span 1;"
      >
        <img
          alt="Eye roll"
          class="MuiImageListItem-img"
          loading="lazy"
          src="https://media0.giphy.com/media/sbwjM9VRh0mLm/giphy_s.gif?cid=98acca89r5k5fxv14vsp1873llycslntkyze1eseddi74hn8&rid=giphy_s.gif&ct=g"
        />
        <div
          class="MuiImageListItemBar-root MuiImageListItemBar-positionTop css-15n6zrv-MuiImageListItemBar-root"
        >
          <div
            class="MuiImageListItemBar-titleWrap MuiImageListItemBar-titleWrapTop css-1lizpae-MuiImageListItemBar-titleWrap"
          >
            <div
              class="MuiImageListItemBar-title css-dasnyc-MuiImageListItemBar-title"
            >
              Eye roll
            </div>
          </div>
        </div>
      </li>
      <li
        class="MuiImageListItem-root MuiImageListItem-standard css-1dkra14-MuiImageListItem-root"
        style="height: auto; grid-column-end: span 1; grid-row-end: span 1;"
      >
        <img
          alt="Facepalm"
          class="MuiImageListItem-img"
          loading="lazy"
          src="https://media1.giphy.com/media/3oEjI67Egb8G9jqs3m/giphy_s.gif?cid=98acca89dvldkz8j5vj5908lkftkjmh1vplfsv52gstsb0q9&rid=giphy_s.gif&ct=g"
        />
        <div
          class="MuiImageListItemBar-root MuiImageListItemBar-positionTop css-15n6zrv-MuiImageListItemBar-root"
        >
          <div
            class="MuiImageListItemBar-titleWrap MuiImageListItemBar-titleWrapTop css-1lizpae-MuiImageListItemBar-titleWrap"
          >
            <div
              class="MuiImageListItemBar-title css-dasnyc-MuiImageListItemBar-title"
            >
              Facepalm
            </div>
          </div>
        </div>
      </li>
      <li
        class="MuiImageListItem-root MuiImageListItem-standard css-1dkra14-MuiImageListItem-root"
        style="height: auto; grid-column-end: span 1; grid-row-end: span 1;"
      >
        <img
          alt="Fist bump"
          class="MuiImageListItem-img"
          loading="lazy"
          src="https://media1.giphy.com/media/UjCXeFnYcI2R2/giphy_s.gif?cid=98acca89c1wwy8r7ltxnc9rq1ywa1wez19af3980spen63sn&rid=giphy_s.gif&ct=g"
        />
        <div
          class="MuiImageListItemBar-root MuiImageListItemBar-positionTop css-15n6zrv-MuiImageListItemBar-root"
        >
          <div
            class="MuiImageListItemBar-titleWrap MuiImageListItemBar-titleWrapTop css-1lizpae-MuiImageListItemBar-titleWrap"
          >
            <div
              class="MuiImageListItemBar-title css-dasnyc-MuiImageListItemBar-title"
            >
              Fist bump
            </div>
          </div>
        </div>
      </li>
      <li
        class="MuiImageListItem-root MuiImageListItem-standard css-1dkra14-MuiImageListItem-root"
        style="height: auto; grid-column-end: span 1; grid-row-end: span 1;"
      >
        <img
          alt="Good luck"
          class="MuiImageListItem-img"
          loading="lazy"
          src="https://media3.giphy.com/media/3oeSAz6FqXCKuNFX6o/giphy_s.gif?cid=98acca89q5uecb9dl351cjyrtk7xzrm0twwddhabde2s2fz0&rid=giphy_s.gif&ct=g"
        />
        <div
          class="MuiImageListItemBar-root MuiImageListItemBar-positionTop css-15n6zrv-MuiImageListItemBar-root"
        >
          <div
            class="MuiImageListItemBar-titleWrap MuiImageListItemBar-titleWrapTop css-1lizpae-MuiImageListItemBar-titleWrap"
          >
            <div
              class="MuiImageListItemBar-title css-dasnyc-MuiImageListItemBar-title"
            >
              Good luck
            </div>
          </div>
        </div>
      </li>
      <li
        class="MuiImageListItem-root MuiImageListItem-standard css-1dkra14-MuiImageListItem-root"
        style="height: auto; grid-column-end: span 1; grid-row-end: span 1;"
      >
        <img
          alt="Happy dance"
          class="MuiImageListItem-img"
          loading="lazy"
          src="https://media4.giphy.com/media/26DOpJRJMhRPGqUsE/giphy_s.gif?cid=98acca8933csc0m8ay1pe435djk8tg1u469yv0knr9po5ss4&rid=giphy_s.gif&ct=g"
        />
        <div
          class="MuiImageListItemBar-root MuiImageListItemBar-positionTop css-15n6zrv-MuiImageListItemBar-root"
        >
          <div
            class="MuiImageListItemBar-titleWrap MuiImageListItemBar-titleWrapTop css-1lizpae-MuiImageListItemBar-titleWrap"
          >
            <div
              class="MuiImageListItemBar-title css-dasnyc-MuiImageListItemBar-title"
            >
              Happy dance
            </div>
          </div>
        </div>
      </li>
      <li
        class="MuiImageListItem-root MuiImageListItem-standard css-1dkra14-MuiImageListItem-root"
        style="height: auto; grid-column-end: span 1; grid-row-end: span 1;"
      >
        <img
          alt="Hearts"
          class="MuiImageListItem-img"
          loading="lazy"
          src="https://media0.giphy.com/media/3o7TKoWXm3okO1kgHC/giphy_s.gif?cid=98acca893wqqket6tm64rjcoro6fgtkgee9v68uylnkwux8u&rid=giphy_s.gif&ct=g"
        />
        <div
          class="MuiImageListItemBar-root MuiImageListItemBar-positionTop css-15n6zrv-MuiImageListItemBar-root"
        >
          <div
            class="MuiImageListItemBar-titleWrap MuiImageListItemBar-titleWrapTop css-1lizpae-MuiImageListItemBar-titleWrap"
          >
            <div
              class="MuiImageListItemBar-title css-dasnyc-MuiImageListItemBar-title"
            >
              Hearts
            </div>
          </div>
        </div>
      </li>
      <li
        class="MuiImageListItem-root MuiImageListItem-standard css-1dkra14-MuiImageListItem-root"
        style="height: auto; grid-column-end: span 1; grid-row-end: span 1;"
      >
        <img
          alt="High five"
          class="MuiImageListItem-img"
          loading="lazy"
          src="https://media2.giphy.com/media/l0ErFafpUCQTQFMSk/giphy_s.gif?cid=98acca898d8apm3twf6l4fe75d0plrlgcr75bup94o2stpc1&rid=giphy_s.gif&ct=g"
        />
        <div
          class="MuiImageListItemBar-root MuiImageListItemBar-positionTop css-15n6zrv-MuiImageListItemBar-root"
        >
          <div
            class="MuiImageListItemBar-titleWrap MuiImageListItemBar-titleWrapTop css-1lizpae-MuiImageListItemBar-titleWrap"
          >
            <div
              class="MuiImageListItemBar-title css-dasnyc-MuiImageListItemBar-title"
            >
              High five
            </div>
          </div>
        </div>
      </li>
      <li
        class="MuiImageListItem-root MuiImageListItem-standard css-1dkra14-MuiImageListItem-root"
        style="height: auto; grid-column-end: span 1; grid-row-end: span 1;"
      >
        <img
          alt="Hug"
          class="MuiImageListItem-img"
          loading="lazy"
          src="https://media2.giphy.com/media/9SIOr28d2Ud3uJRqel/giphy_s.gif?cid=98acca89rw2dbvyxi9k3u5xke29m24m199krv25ezereiqvb&rid=giphy_s.gif&ct=g"
        />
        <div
          class="MuiImageListItemBar-root MuiImageListItemBar-positionTop css-15n6zrv-MuiImageListItemBar-root"
        >
          <div
            class="MuiImageListItemBar-titleWrap MuiImageListItemBar-titleWrapTop css-1lizpae-MuiImageListItemBar-titleWrap"
          >
            <div
              class="MuiImageListItemBar-title css-dasnyc-MuiImageListItemBar-title"
            >
              Hug
            </div>
          </div>
        </div>
      </li>
      <li
        class="MuiImageListItem-root MuiImageListItem-standard css-1dkra14-MuiImageListItem-root"
        style="height: auto; grid-column-end: span 1; grid-row-end: span 1;"
      >
        <img
          alt="IDK"
          class="MuiImageListItem-img"
          loading="lazy"
          src="https://media3.giphy.com/media/l3vRkGgMfvANIFtE4/giphy_s.gif?cid=98acca89atdnliuioz6g7n4ax7nu5uejqi47e051kvbyzulf&rid=giphy_s.gif&ct=g"
        />
        <div
          class="MuiImageListItemBar-root MuiImageListItemBar-positionTop css-15n6zrv-MuiImageListItemBar-root"
        >
          <div
            class="MuiImageListItemBar-titleWrap MuiImageListItemBar-titleWrapTop css-1lizpae-MuiImageListItemBar-titleWrap"
          >
            <div
              class="MuiImageListItemBar-title css-dasnyc-MuiImageListItemBar-title"
            >
              IDK
            </div>
          </div>
        </div>
      </li>
      <li
        class="MuiImageListItem-root MuiImageListItem-standard css-1dkra14-MuiImageListItem-root"
        style="height: auto; grid-column-end: span 1; grid-row-end: span 1;"
      >
        <img
          alt="Kiss"
          class="MuiImageListItem-img"
          loading="lazy"
          src="https://media2.giphy.com/media/TfEtuvZ4sviFlgjdVT/giphy_s.gif?cid=98acca89mgxkzbo99b59dj89bjv2iisdmsfopogi4afjknq7&rid=giphy_s.gif&ct=g"
        />
        <div
          class="MuiImageListItemBar-root MuiImageListItemBar-positionTop css-15n6zrv-MuiImageListItemBar-root"
        >
          <div
            class="MuiImageListItemBar-titleWrap MuiImageListItemBar-titleWrapTop css-1lizpae-MuiImageListItemBar-titleWrap"
          >
            <div
              class="MuiImageListItemBar-title css-dasnyc-MuiImageListItemBar-title"
            >
              Kiss
            </div>
          </div>
        </div>
      </li>
      <li
        class="MuiImageListItem-root MuiImageListItem-standard css-1dkra14-MuiImageListItem-root"
        style="height: auto; grid-column-end: span 1; grid-row-end: span 1;"
      >
        <img
          alt="Mic drop"
          class="MuiImageListItem-img"
          loading="lazy"
          src="https://media2.giphy.com/media/xT9DPhONuz1SpCONiM/giphy_s.gif?cid=98acca89ceylxs7smjv334ek0ioe4ffoa89ossef4ovye5or&rid=giphy_s.gif&ct=g"
        />
        <div
          class="MuiImageListItemBar-root MuiImageListItemBar-positionTop css-15n6zrv-MuiImageListItemBar-root"
        >
          <div
            class="MuiImageListItemBar-titleWrap MuiImageListItemBar-titleWrapTop css-1lizpae-MuiImageListItemBar-titleWrap"
          >
            <div
              class="MuiImageListItemBar-title css-dasnyc-MuiImageListItemBar-title"
            >
              Mic drop
            </div>
          </div>
        </div>
      </li>
      <li
        class="MuiImageListItem-root MuiImageListItem-standard css-1dkra14-MuiImageListItem-root"
        style="height: auto; grid-column-end: span 1; grid-row-end: span 1;"
      >
        <img
          alt="No"
          class="MuiImageListItem-img"
          loading="lazy"
          src="https://media3.giphy.com/media/JtLrtaN4VPoKXJRKGB/giphy_s.gif?cid=98acca89islw1ytcxxs1p9i8acynsrokdtuezbg6c44zkowa&rid=giphy_s.gif&ct=g"
        />
        <div
          class="MuiImageListItemBar-root MuiImageListItemBar-positionTop css-15n6zrv-MuiImageListItemBar-root"
        >
          <div
            class="MuiImageListItemBar-titleWrap MuiImageListItemBar-titleWrapTop css-1lizpae-MuiImageListItemBar-titleWrap"
          >
            <div
              class="MuiImageListItemBar-title css-dasnyc-MuiImageListItemBar-title"
            >
              No
            </div>
          </div>
        </div>
      </li>
      <li
        class="MuiImageListItem-root MuiImageListItem-standard css-1dkra14-MuiImageListItem-root"
        style="height: auto; grid-column-end: span 1; grid-row-end: span 1;"
      >
        <img
          alt="OMG"
          class="MuiImageListItem-img"
          loading="lazy"
          src="https://media0.giphy.com/media/TgOYjtgKpS9jAytUlh/giphy_s.gif?cid=98acca899esm1hqlml7ievz1vxxp2zl41kwxzxb7tudo6t5e&rid=giphy_s.gif&ct=g"
        />
        <div
          class="MuiImageListItemBar-root MuiImageListItemBar-positionTop css-15n6zrv-MuiImageListItemBar-root"
        >
          <div
            class="MuiImageListItemBar-titleWrap MuiImageListItemBar-titleWrapTop css-1lizpae-MuiImageListItemBar-titleWrap"
          >
            <div
              class="MuiImageListItemBar-title css-dasnyc-MuiImageListItemBar-title"
            >
              OMG
            </div>
          </div>
        </div>
      </li>
      <li
        class="MuiImageListItem-root MuiImageListItem-standard css-1dkra14-MuiImageListItem-root"
        style="height: auto; grid-column-end: span 1; grid-row-end: span 1;"
      >
        <img
          alt="Oh snap"
          class="MuiImageListItem-img"
          loading="lazy"
          src="https://media2.giphy.com/media/l0Iy1y4WfKMXzDNUk/giphy_s.gif?cid=98acca89pb0wv9m1s837amlx3bmv5jlvkb4wmgmudobs4gvf&rid=giphy_s.gif&ct=g"
        />
        <div
          class="MuiImageListItemBar-root MuiImageListItemBar-positionTop css-15n6zrv-MuiImageListItemBar-root"
        >
          <div
            class="MuiImageListItemBar-titleWrap MuiImageListItemBar-titleWrapTop css-1lizpae-MuiImageListItemBar-titleWrap"
          >
            <div
              class="MuiImageListItemBar-title css-dasnyc-MuiImageListItemBar-title"
            >
              Oh snap
            </div>
          </div>
        </div>
      </li>
      <li
        class="MuiImageListItem-root MuiImageListItem-standard css-1dkra14-MuiImageListItem-root"
        style="height: auto; grid-column-end: span 1; grid-row-end: span 1;"
      >
        <img
          alt="Ok"
          class="MuiImageListItem-img"
          loading="lazy"
          src="https://media0.giphy.com/media/l0MYKDrj6SXHz8YYU/giphy_s.gif?cid=98acca890om8bcm6bjt4roqi0gdy9qlzqpg7wl0jzrcpc90h&rid=giphy_s.gif&ct=g"
        />
        <div
          class="MuiImageListItemBar-root MuiImageListItemBar-positionTop css-15n6zrv-MuiImageListItemBar-root"
        >
          <div
            class="MuiImageListItemBar-titleWrap MuiImageListItemBar-titleWrapTop css-1lizpae-MuiImageListItemBar-titleWrap"
          >
            <div
              class="MuiImageListItemBar-title css-dasnyc-MuiImageListItemBar-title"
            >
              Ok
            </div>
          </div>
        </div>
      </li>
      <li
        class="MuiImageListItem-root MuiImageListItem-standard css-1dkra14-MuiImageListItem-root"
        style="height: auto; grid-column-end: span 1; grid-row-end: span 1;"
      >
        <img
          alt="Oops"
          class="MuiImageListItem-img"
          loading="lazy"
          src="https://media4.giphy.com/media/mvyvXwL26FfAtRCLPk/giphy_s.gif?cid=98acca89cvwms2mwnr9v3lchagnbk3ek77q0bcw3ux54crr1&rid=giphy_s.gif&ct=g"
        />
        <div
          class="MuiImageListItemBar-root MuiImageListItemBar-positionTop css-15n6zrv-MuiImageListItemBar-root"
        >
          <div
            class="MuiImageListItemBar-titleWrap MuiImageListItemBar-titleWrapTop css-1lizpae-MuiImageListItemBar-titleWrap"
          >
            <div
              class="MuiImageListItemBar-title css-dasnyc-MuiImageListItemBar-title"
            >
              Oops
            </div>
          </div>
        </div>
      </li>
      <li
        class="MuiImageListItem-root MuiImageListItem-standard css-1dkra14-MuiImageListItem-root"
        style="height: auto; grid-column-end: span 1; grid-row-end: span 1;"
      >
        <img
          alt="Please"
          class="MuiImageListItem-img"
          loading="lazy"
          src="https://media0.giphy.com/media/I1nwVpCaB4k36/giphy_s.gif?cid=98acca895qapn48pqmfaz3ml20voyjebjl87i9vwxh6qe9vc&rid=giphy_s.gif&ct=g"
        />
        <div
          class="MuiImageListItemBar-root MuiImageListItemBar-positionTop css-15n6zrv-MuiImageListItemBar-root"
        >
          <div
            class="MuiImageListItemBar-titleWrap MuiImageListItemBar-titleWrapTop css-1lizpae-MuiImageListItemBar-titleWrap"
          >
            <div
              class="MuiImageListItemBar-title css-dasnyc-MuiImageListItemBar-title"
            >
              Please
            </div>
          </div>
        </div>
      </li>
      <li
        class="MuiImageListItem-root MuiImageListItem-standard css-1dkra14-MuiImageListItem-root"
        style="height: auto; grid-column-end: span 1; grid-row-end: span 1;"
      >
        <img
          alt="Popcorn"
          class="MuiImageListItem-img"
          loading="lazy"
          src="https://media2.giphy.com/media/l0HlPystfePnAI3G8/giphy_s.gif?cid=98acca8990b70bmesyy4ixba3mc6b9x8q52e13x0kte2zpeq&rid=giphy_s.gif&ct=g"
        />
        <div
          class="MuiImageListItemBar-root MuiImageListItemBar-positionTop css-15n6zrv-MuiImageListItemBar-root"
        >
          <div
            class="MuiImageListItemBar-titleWrap MuiImageListItemBar-titleWrapTop css-1lizpae-MuiImageListItemBar-titleWrap"
          >
            <div
              class="MuiImageListItemBar-title css-dasnyc-MuiImageListItemBar-title"
            >
              Popcorn
            </div>
          </div>
        </div>
      </li>
      <li
        class="MuiImageListItem-root MuiImageListItem-standard css-1dkra14-MuiImageListItem-root"
        style="height: auto; grid-column-end: span 1; grid-row-end: span 1;"
      >
        <img
          alt="SMH"
          class="MuiImageListItem-img"
          loading="lazy"
          src="https://media1.giphy.com/media/26ueYUlPAmUkTBAM8/giphy_s.gif?cid=98acca89qp9ygj606he1iqlgo2fh4rt7x7egejvjlwa2dku5&rid=giphy_s.gif&ct=g"
        />
        <div
          class="MuiImageListItemBar-root MuiImageListItemBar-positionTop css-15n6zrv-MuiImageListItemBar-root"
        >
          <div
            class="MuiImageListItemBar-titleWrap MuiImageListItemBar-titleWrapTop css-1lizpae-MuiImageListItemBar-titleWrap"
          >
            <div
              class="MuiImageListItemBar-title css-dasnyc-MuiImageListItemBar-title"
            >
              SMH
            </div>
          </div>
        </div>
      </li>
      <li
        class="MuiImageListItem-root MuiImageListItem-standard css-1dkra14-MuiImageListItem-root"
        style="height: auto; grid-column-end: span 1; grid-row-end: span 1;"
      >
        <img
          alt="Scared"
          class="MuiImageListItem-img"
          loading="lazy"
          src="https://media4.giphy.com/media/igi0dS20WxPJvroIgW/giphy_s.gif?cid=98acca897fsesm505a511zloenafxycfphgdc5snk5kqc1x9&rid=giphy_s.gif&ct=g"
        />
        <div
          class="MuiImageListItemBar-root MuiImageListItemBar-positionTop css-15n6zrv-MuiImageListItemBar-root"
        >
          <div
            class="MuiImageListItemBar-titleWrap MuiImageListItemBar-titleWrapTop css-1lizpae-MuiImageListItemBar-titleWrap"
          >
            <div
              class="MuiImageListItemBar-title css-dasnyc-MuiImageListItemBar-title"
            >
              Scared
            </div>
          </div>
        </div>
      </li>
      <li
        class="MuiImageListItem-root MuiImageListItem-standard css-1dkra14-MuiImageListItem-root"
        style="height: auto; grid-column-end: span 1; grid-row-end: span 1;"
      >
        <img
          alt="Seriously"
          class="MuiImageListItem-img"
          loading="lazy"
          src="https://media1.giphy.com/media/l3V0H7bYv5Ml5TOfu/giphy_s.gif?cid=98acca893trecda86aqrhc0r46f89oppjf8yy5l8qlty86yf&rid=giphy_s.gif&ct=g"
        />
        <div
          class="MuiImageListItemBar-root MuiImageListItemBar-positionTop css-15n6zrv-MuiImageListItemBar-root"
        >
          <div
            class="MuiImageListItemBar-titleWrap MuiImageListItemBar-titleWrapTop css-1lizpae-MuiImageListItemBar-titleWrap"
          >
            <div
              class="MuiImageListItemBar-title css-dasnyc-MuiImageListItemBar-title"
            >
              Seriously
            </div>
          </div>
        </div>
      </li>
      <li
        class="MuiImageListItem-root MuiImageListItem-standard css-1dkra14-MuiImageListItem-root"
        style="height: auto; grid-column-end: span 1; grid-row-end: span 1;"
      >
        <img
          alt="Shocked"
          class="MuiImageListItem-img"
          loading="lazy"
          src="https://media1.giphy.com/media/tfUW8mhiFk8NlJhgEh/giphy_s.gif?cid=98acca89kovdc6sxeiiyill93xd3iz7db6tp0zq09zw7da7g&rid=giphy_s.gif&ct=g"
        />
        <div
          class="MuiImageListItemBar-root MuiImageListItemBar-positionTop css-15n6zrv-MuiImageListItemBar-root"
        >
          <div
            class="MuiImageListItemBar-titleWrap MuiImageListItemBar-titleWrapTop css-1lizpae-MuiImageListItemBar-titleWrap"
          >
            <div
              class="MuiImageListItemBar-title css-dasnyc-MuiImageListItemBar-title"
            >
              Shocked
            </div>
          </div>
        </div>
      </li>
      <li
        class="MuiImageListItem-root MuiImageListItem-standard css-1dkra14-MuiImageListItem-root"
        style="height: auto; grid-column-end: span 1; grid-row-end: span 1;"
      >
        <img
          alt="Shrug"
          class="MuiImageListItem-img"
          loading="lazy"
          src="https://media0.giphy.com/media/eLvhchyvNNOuLbOtYP/giphy_s.gif?cid=98acca89rmskykhalf58dvq4exx7wbpwpibga75h6nezmfs8&rid=giphy_s.gif&ct=g"
        />
        <div
          class="MuiImageListItemBar-root MuiImageListItemBar-positionTop css-15n6zrv-MuiImageListItemBar-root"
        >
          <div
            class="MuiImageListItemBar-titleWrap MuiImageListItemBar-titleWrapTop css-1lizpae-MuiImageListItemBar-titleWrap"
          >
            <div
              class="MuiImageListItemBar-title css-dasnyc-MuiImageListItemBar-title"
            >
              Shrug
            </div>
          </div>
        </div>
      </li>
      <li
        class="MuiImageListItem-root MuiImageListItem-standard css-1dkra14-MuiImageListItem-root"
        style="height: auto; grid-column-end: span 1; grid-row-end: span 1;"
      >
        <img
          alt="Sigh"
          class="MuiImageListItem-img"
          loading="lazy"
          src="https://media2.giphy.com/media/l4JyRqcDU93S334KQ/giphy_s.gif?cid=98acca89fnvirk6xbgnf36ksinmp71jusushujr4hrons5zo&rid=giphy_s.gif&ct=g"
        />
        <div
          class="MuiImageListItemBar-root MuiImageListItemBar-positionTop css-15n6zrv-MuiImageListItemBar-root"
        >
          <div
            class="MuiImageListItemBar-titleWrap MuiImageListItemBar-titleWrapTop css-1lizpae-MuiImageListItemBar-titleWrap"
          >
            <div
              class="MuiImageListItemBar-title css-dasnyc-MuiImageListItemBar-title"
            >
              Sigh
            </div>
          </div>
        </div>
      </li>
      <li
        class="MuiImageListItem-root MuiImageListItem-standard css-1dkra14-MuiImageListItem-root"
        style="height: auto; grid-column-end: span 1; grid-row-end: span 1;"
      >
        <img
          alt="Slow clap"
          class="MuiImageListItem-img"
          loading="lazy"
          src="https://media0.giphy.com/media/3JTpczfnK4q1kbYYaJ/giphy_s.gif?cid=98acca8915rkl2us35si2jbpat64c56gyir4d5utsuibua7m&rid=giphy_s.gif&ct=g"
        />
        <div
          class="MuiImageListItemBar-root MuiImageListItemBar-positionTop css-15n6zrv-MuiImageListItemBar-root"
        >
          <div
            class="MuiImageListItemBar-titleWrap MuiImageListItemBar-titleWrapTop css-1lizpae-MuiImageListItemBar-titleWrap"
          >
            <div
              class="MuiImageListItemBar-title css-dasnyc-MuiImageListItemBar-title"
            >
              Slow clap
            </div>
          </div>
        </div>
      </li>
      <li
        class="MuiImageListItem-root MuiImageListItem-standard css-1dkra14-MuiImageListItem-root"
        style="height: auto; grid-column-end: span 1; grid-row-end: span 1;"
      >
        <img
          alt="Sorry"
          class="MuiImageListItem-img"
          loading="lazy"
          src="https://media3.giphy.com/media/3ohA2ZD9EkeK2AyfdK/giphy_s.gif?cid=98acca890mb4wyyfaydfbp0bbhvvw4jdjolsq9c3ygonu0z0&rid=giphy_s.gif&ct=g"
        />
        <div
          class="MuiImageListItemBar-root MuiImageListItemBar-positionTop css-15n6zrv-MuiImageListItemBar-root"
        >
          <div
            class="MuiImageListItemBar-titleWrap MuiImageListItemBar-titleWrapTop css-1lizpae-MuiImageListItemBar-titleWrap"
          >
            <div
              class="MuiImageListItemBar-title css-dasnyc-MuiImageListItemBar-title"
            >
              Sorry
            </div>
          </div>
        </div>
      </li>
      <li
        class="MuiImageListItem-root MuiImageListItem-standard css-1dkra14-MuiImageListItem-root"
        style="height: auto; grid-column-end: span 1; grid-row-end: span 1;"
      >
        <img
          alt="Thank you"
          class="MuiImageListItem-img"
          loading="lazy"
          src="https://media4.giphy.com/media/Pnh0Lou03fv92J4puZ/giphy_s.gif?cid=98acca89mj9psya7f3euxhv16gsvzg85fer223varh5cdayy&rid=giphy_s.gif&ct=g"
        />
        <div
          class="MuiImageListItemBar-root MuiImageListItemBar-positionTop css-15n6zrv-MuiImageListItemBar-root"
        >
          <div
            class="MuiImageListItemBar-titleWrap MuiImageListItemBar-titleWrapTop css-1lizpae-MuiImageListItemBar-titleWrap"
          >
            <div
              class="MuiImageListItemBar-title css-dasnyc-MuiImageListItemBar-title"
            >
              Thank you
            </div>
          </div>
        </div>
      </li>
      <li
        class="MuiImageListItem-root MuiImageListItem-standard css-1dkra14-MuiImageListItem-root"
        style="height: auto; grid-column-end: span 1; grid-row-end: span 1;"
      >
        <img
          alt="Thumbs down"
          class="MuiImageListItem-img"
          loading="lazy"
          src="https://media2.giphy.com/media/dC9Hk5uVVux4HUE5ya/giphy_s.gif?cid=98acca89sdutbphgfvdur6t99pnhhyo98nt77jns9nf04mj6&rid=giphy_s.gif&ct=g"
        />
        <div
          class="MuiImageListItemBar-root MuiImageListItemBar-positionTop css-15n6zrv-MuiImageListItemBar-root"
        >
          <div
            class="MuiImageListItemBar-titleWrap MuiImageListItemBar-titleWrapTop css-1lizpae-MuiImageListItemBar-titleWrap"
          >
            <div
              class="MuiImageListItemBar-title css-dasnyc-MuiImageListItemBar-title"
            >
              Thumbs down
            </div>
          </div>
        </div>
      </li>
      <li
        class="MuiImageListItem-root MuiImageListItem-standard css-1dkra14-MuiImageListItem-root"
        style="height: auto; grid-column-end: span 1; grid-row-end: span 1;"
      >
        <img
          alt="Thumbs up"
          class="MuiImageListItem-img"
          loading="lazy"
          src="https://media2.giphy.com/media/3o7absbD7PbTFQa0c8/giphy_s.gif?cid=98acca89m5zln3qqk3wz3m34h8zka0hvqn5vtzhfcww0ojkg&rid=giphy_s.gif&ct=g"
        />
        <div
          class="MuiImageListItemBar-root MuiImageListItemBar-positionTop css-15n6zrv-MuiImageListItemBar-root"
        >
          <div
            class="MuiImageListItemBar-titleWrap MuiImageListItemBar-titleWrapTop css-1lizpae-MuiImageListItemBar-titleWrap"
          >
            <div
              class="MuiImageListItemBar-title css-dasnyc-MuiImageListItemBar-title"
            >
              Thumbs up
            </div>
          </div>
        </div>
      </li>
      <li
        class="MuiImageListItem-root MuiImageListItem-standard css-1dkra14-MuiImageListItem-root"
        style="height: auto; grid-column-end: span 1; grid-row-end: span 1;"
      >
        <img
          alt="Want"
          class="MuiImageListItem-img"
          loading="lazy"
          src="https://media3.giphy.com/media/hgQfU8YMcfkuA/giphy_s.gif?cid=98acca89lvkytb5bbg55v9l0pkela95joafd07bc8ton3esa&rid=giphy_s.gif&ct=g"
        />
        <div
          class="MuiImageListItemBar-root MuiImageListItemBar-positionTop css-15n6zrv-MuiImageListItemBar-root"
        >
          <div
            class="MuiImageListItemBar-titleWrap MuiImageListItemBar-titleWrapTop css-1lizpae-MuiImageListItemBar-titleWrap"
          >
            <div
              class="MuiImageListItemBar-title css-dasnyc-MuiImageListItemBar-title"
            >
              Want
            </div>
          </div>
        </div>
      </li>
      <li
        class="MuiImageListItem-root MuiImageListItem-standard css-1dkra14-MuiImageListItem-root"
        style="height: auto; grid-column-end: span 1; grid-row-end: span 1;"
      >
        <img
          alt="Win"
          class="MuiImageListItem-img"
          loading="lazy"
          src="https://media3.giphy.com/media/nqi89GMgyT3va/giphy_s.gif?cid=98acca89b90kbryqdyjxqnh3z89fxjviygqulzm9mnp94615&rid=giphy_s.gif&ct=g"
        />
        <div
          class="MuiImageListItemBar-root MuiImageListItemBar-positionTop css-15n6zrv-MuiImageListItemBar-root"
        >
          <div
            class="MuiImageListItemBar-titleWrap MuiImageListItemBar-titleWrapTop css-1lizpae-MuiImageListItemBar-titleWrap"
          >
            <div
              class="MuiImageListItemBar-title css-dasnyc-MuiImageListItemBar-title"
            >
              Win
            </div>
          </div>
        </div>
      </li>
      <li
        class="MuiImageListItem-root MuiImageListItem-standard css-1dkra14-MuiImageListItem-root"
        style="height: auto; grid-column-end: span 1; grid-row-end: span 1;"
      >
        <img
          alt="Wink"
          class="MuiImageListItem-img"
          loading="lazy"
          src="https://media2.giphy.com/media/6ra84Uso2hoir3YCgb/giphy_s.gif?cid=98acca89l58jizertjgq766a2o8gyrcdrrijla334bm3m7gk&rid=giphy_s.gif&ct=g"
        />
        <div
          class="MuiImageListItemBar-root MuiImageListItemBar-positionTop css-15n6zrv-MuiImageListItemBar-root"
        >
          <div
            class="MuiImageListItemBar-titleWrap MuiImageListItemBar-titleWrapTop css-1lizpae-MuiImageListItemBar-titleWrap"
          >
            <div
              class="MuiImageListItemBar-title css-dasnyc-MuiImageListItemBar-title"
            >
              Wink
            </div>
          </div>
        </div>
      </li>
      <li
        class="MuiImageListItem-root MuiImageListItem-standard css-1dkra14-MuiImageListItem-root"
        style="height: auto; grid-column-end: span 1; grid-row-end: span 1;"
      >
        <img
          alt="YOLO"
          class="MuiImageListItem-img"
          loading="lazy"
          src="https://media2.giphy.com/media/84EQtaETcza8w/giphy_s.gif?cid=98acca89390p4wh1tx6yxjgj8n1esentvf1z1zdj45kn4z3b&rid=giphy_s.gif&ct=g"
        />
        <div
          class="MuiImageListItemBar-root MuiImageListItemBar-positionTop css-15n6zrv-MuiImageListItemBar-root"
        >
          <div
            class="MuiImageListItemBar-titleWrap MuiImageListItemBar-titleWrapTop css-1lizpae-MuiImageListItemBar-titleWrap"
          >
            <div
              class="MuiImageListItemBar-title css-dasnyc-MuiImageListItemBar-title"
            >
              YOLO
            </div>
          </div>
        </div>
      </li>
      <li
        class="MuiImageListItem-root MuiImageListItem-standard css-1dkra14-MuiImageListItem-root"
        style="height: auto; grid-column-end: span 1; grid-row-end: span 1;"
      >
        <img
          alt="Yawn"
          class="MuiImageListItem-img"
          loading="lazy"
          src="https://media0.giphy.com/media/QkR0NS30aawH6/giphy_s.gif?cid=98acca89f3goes1mfjlf6bbn5qr6xbpqpxly3pmadqveokcs&rid=giphy_s.gif&ct=g"
        />
        <div
          class="MuiImageListItemBar-root MuiImageListItemBar-positionTop css-15n6zrv-MuiImageListItemBar-root"
        >
          <div
            class="MuiImageListItemBar-titleWrap MuiImageListItemBar-titleWrapTop css-1lizpae-MuiImageListItemBar-titleWrap"
          >
            <div
              class="MuiImageListItemBar-title css-dasnyc-MuiImageListItemBar-title"
            >
              Yawn
            </div>
          </div>
        </div>
      </li>
      <li
        class="MuiImageListItem-root MuiImageListItem-standard css-1dkra14-MuiImageListItem-root"
        style="height: auto; grid-column-end: span 1; grid-row-end: span 1;"
      >
        <img
          alt="Yes"
          class="MuiImageListItem-img"
          loading="lazy"
          src="https://media0.giphy.com/media/3ohzdIuqJoo8QdKlnW/giphy_s.gif?cid=98acca89nj48er3zjtzhdvm46cx1zjcjeqgnytfz7o5gzn2k&rid=giphy_s.gif&ct=g"
        />
        <div
          class="MuiImageListItemBar-root MuiImageListItemBar-positionTop css-15n6zrv-MuiImageListItemBar-root"
        >
          <div
            class="MuiImageListItemBar-titleWrap MuiImageListItemBar-titleWrapTop css-1lizpae-MuiImageListItemBar-titleWrap"
          >
            <div
              class="MuiImageListItemBar-title css-dasnyc-MuiImageListItemBar-title"
            >
              Yes
            </div>
          </div>
        </div>
      </li>
      <li
        class="MuiImageListItem-root MuiImageListItem-standard css-1dkra14-MuiImageListItem-root"
        style="height: auto; grid-column-end: span 2; grid-row-end: span 2;"
      >
        <img
          alt="You got this"
          class="MuiImageListItem-img"
          loading="lazy"
          src="https://media0.giphy.com/media/nJ6yoH4nBNCBa/giphy_s.gif?cid=98acca89o8v1eslckhv723x8h5im09egzbmuisefauhit748&rid=giphy_s.gif&ct=g"
        />
        <div
          class="MuiImageListItemBar-root MuiImageListItemBar-positionTop css-15n6zrv-MuiImageListItemBar-root"
        >
          <div
            class="MuiImageListItemBar-titleWrap MuiImageListItemBar-titleWrapTop css-1lizpae-MuiImageListItemBar-titleWrap"
          >
            <div
              class="MuiImageListItemBar-title css-dasnyc-MuiImageListItemBar-title"
            >
              You got this
            </div>
          </div>
        </div>
      </li>
    </ul>
  </div>,
  "debug": [Function],
  "findAllByAltText": [Function],
  "findAllByDisplayValue": [Function],
  "findAllByLabelText": [Function],
  "findAllByPlaceholderText": [Function],
  "findAllByRole": [Function],
  "findAllByTestId": [Function],
  "findAllByText": [Function],
  "findAllByTitle": [Function],
  "findByAltText": [Function],
  "findByDisplayValue": [Function],
  "findByLabelText": [Function],
  "findByPlaceholderText": [Function],
  "findByRole": [Function],
  "findByTestId": [Function],
  "findByText": [Function],
  "findByTitle": [Function],
  "getAllByAltText": [Function],
  "getAllByDisplayValue": [Function],
  "getAllByLabelText": [Function],
  "getAllByPlaceholderText": [Function],
  "getAllByRole": [Function],
  "getAllByTestId": [Function],
  "getAllByText": [Function],
  "getAllByTitle": [Function],
  "getByAltText": [Function],
  "getByDisplayValue": [Function],
  "getByLabelText": [Function],
  "getByPlaceholderText": [Function],
  "getByRole": [Function],
  "getByTestId": [Function],
  "getByText": [Function],
  "getByTitle": [Function],
  "queryAllByAltText": [Function],
  "queryAllByDisplayValue": [Function],
  "queryAllByLabelText": [Function],
  "queryAllByPlaceholderText": [Function],
  "queryAllByRole": [Function],
  "queryAllByTestId": [Function],
  "queryAllByText": [Function],
  "queryAllByTitle": [Function],
  "queryByAltText": [Function],
  "queryByDisplayValue": [Function],
  "queryByLabelText": [Function],
  "queryByPlaceholderText": [Function],
  "queryByRole": [Function],
  "queryByTestId": [Function],
  "queryByText": [Function],
  "queryByTitle": [Function],
  "rerender": [Function],
  "unmount": [Function],
}
`;
