// Jest Snapshot v1, https://goo.gl/fbAQLP

exports[`<Comment/> component : display <Comment/> component  1`] = `
Object {
  "asFragment": [Function],
  "baseElement": .css-0 {
  display: -webkit-box;
  display: -webkit-flex;
  display: -ms-flexbox;
  display: flex;
  border-bottom: 1px solid undefined;
  padding: 1.5rem 1rem 1rem 1rem;
}

.css-0 .comment-info-user {
  display: -webkit-box;
  display: -webkit-flex;
  display: -ms-flexbox;
  display: flex;
}

.css-0 .comment-info-user svg {
  margin-left: 0.6rem;
  position: relative;
  top: 3px;
}

.css-0 .comment-info-user span.username {
  font-weight: 500;
}

.css-0 .comment-info-user span.secondary {
  padding-left: 0.5rem;
  color: undefined;
}

@media screen and (max-width: 430px) {
  .css-0 {
    -webkit-flex-direction: column;
    -ms-flex-direction: column;
    flex-direction: column;
  }

  .css-0 .comment-info-user {
    font-size: 0.83rem;
  }

  .css-0 .avatar {
    display: none;
  }

  .css-0 .username {
    display: none;
  }

  .css-0 .comment-info-user span.secondary {
    padding-left: 0;
  }

  .css-0 .comment-info-user span.secondary:first-of-type {
    padding-right: 0.6rem;
  }
}

.css-1 {
  margin-right: 16px;
}

.css-2 {
  position: relative;
  display: -webkit-box;
  display: -webkit-flex;
  display: -ms-flexbox;
  display: flex;
  -webkit-align-items: center;
  -webkit-box-align: center;
  -ms-flex-align: center;
  align-items: center;
  -webkit-box-pack: center;
  -ms-flex-pack: center;
  -webkit-justify-content: center;
  justify-content: center;
  -webkit-flex-shrink: 0;
  -ms-flex-negative: 0;
  flex-shrink: 0;
  width: 40px;
  height: 40px;
  font-family: "Roboto","Helvetica","Arial",sans-serif;
  font-size: 1.25rem;
  line-height: 1;
  border-radius: 50%;
  overflow: hidden;
  -webkit-user-select: none;
  -moz-user-select: none;
  -ms-user-select: none;
  user-select: none;
  color: #fff;
  background-color: #bdbdbd;
}

.css-3 {
  -webkit-user-select: none;
  -moz-user-select: none;
  -ms-user-select: none;
  user-select: none;
  width: 1em;
  height: 1em;
  display: inline-block;
  fill: currentColor;
  -webkit-flex-shrink: 0;
  -ms-flex-negative: 0;
  flex-shrink: 0;
  -webkit-transition: fill 200ms cubic-bezier(0.4, 0, 0.2, 1) 0ms;
  transition: fill 200ms cubic-bezier(0.4, 0, 0.2, 1) 0ms;
  font-size: 1.5rem;
}

.css-4 {
  width: 18px;
  height: 18px;
  opacity: 1;
  cursor: pointer;
}

.css-4:hover {
  fill: #e0245e;
}

<body>
    <div>
      <div
        class="css-0"
      >
        <div
          class="MuiBox-root css-1"
        >
          <div
            class="MuiAvatar-root MuiAvatar-circular MuiAvatar-colorDefault avatar css-2"
          >
            <svg
              aria-hidden="true"
              class="MuiSvgIcon-root MuiSvgIcon-fontSizeMedium css-3"
              data-testid="PersonIcon"
              focusable="false"
              viewBox="0 0 24 24"
            >
              <path
                d="M12 12c2.21 0 4-1.79 4-4s-1.79-4-4-4-4 1.79-4 4 1.79 4 4 4zm0 2c-2.67 0-8 1.34-8 4v2h16v-2c0-2.66-5.33-4-8-4z"
              />
            </svg>
          </div>
        </div>
        <div
          class="comment-info"
        >
          <div
            class="comment-info-user"
          >
            <span
              class="username"
            >
              shy-cloud-4965
            </span>
            <a
              href="/shy-cloud-4965"
            >
              <span
                class="secondary"
              >
                @shy-cloud-4965
              </span>
              <span
                class="secondary"
              >
                a few seconds ago
              </span>
            </a>
            <span>
              <svg
                class="css-4"
                loading=""
                viewBox="0 0 24 24"
              >
                <g>
                  <path
                    d="M20.746 5.236h-3.75V4.25c0-1.24-1.01-2.25-2.25-2.25h-5.5c-1.24 0-2.25 1.01-2.25 2.25v.986h-3.75c-.414 0-.75.336-.75.75s.336.75.75.75h.368l1.583 13.262c.216 1.193 1.31 2.027 2.658 2.027h8.282c1.35 0 2.442-.834 2.664-2.072l1.577-13.217h.368c.414 0 .75-.336.75-.75s-.335-.75-.75-.75zM8.496 4.25c0-.413.337-.75.75-.75h5.5c.413 0 .75.337.75.75v.986h-7V4.25zm8.822 15.48c-.1.55-.664.795-1.18.795H7.854c-.517 0-1.083-.246-1.175-.75L5.126 6.735h13.74L17.32 19.732z"
                  />
                  <path
                    d="M10 17.75c.414 0 .75-.336.75-.75v-7c0-.414-.336-.75-.75-.75s-.75.336-.75.75v7c0 .414.336.75.75.75zm4 0c.414 0 .75-.336.75-.75v-7c0-.414-.336-.75-.75-.75s-.75.336-.75.75v7c0 .414.336.75.75.75z"
                  />
                </g>
              </svg>
            </span>
          </div>
          <p>
            testing after changes in input converted to ts
          </p>
        </div>
      </div>
    </div>
  </body>,
  "container": .css-0 {
  display: -webkit-box;
  display: -webkit-flex;
  display: -ms-flexbox;
  display: flex;
  border-bottom: 1px solid undefined;
  padding: 1.5rem 1rem 1rem 1rem;
}

.css-0 .comment-info-user {
  display: -webkit-box;
  display: -webkit-flex;
  display: -ms-flexbox;
  display: flex;
}

.css-0 .comment-info-user svg {
  margin-left: 0.6rem;
  position: relative;
  top: 3px;
}

.css-0 .comment-info-user span.username {
  font-weight: 500;
}

.css-0 .comment-info-user span.secondary {
  padding-left: 0.5rem;
  color: undefined;
}

@media screen and (max-width: 430px) {
  .css-0 {
    -webkit-flex-direction: column;
    -ms-flex-direction: column;
    flex-direction: column;
  }

  .css-0 .comment-info-user {
    font-size: 0.83rem;
  }

  .css-0 .avatar {
    display: none;
  }

  .css-0 .username {
    display: none;
  }

  .css-0 .comment-info-user span.secondary {
    padding-left: 0;
  }

  .css-0 .comment-info-user span.secondary:first-of-type {
    padding-right: 0.6rem;
  }
}

.css-1 {
  margin-right: 16px;
}

.css-2 {
  position: relative;
  display: -webkit-box;
  display: -webkit-flex;
  display: -ms-flexbox;
  display: flex;
  -webkit-align-items: center;
  -webkit-box-align: center;
  -ms-flex-align: center;
  align-items: center;
  -webkit-box-pack: center;
  -ms-flex-pack: center;
  -webkit-justify-content: center;
  justify-content: center;
  -webkit-flex-shrink: 0;
  -ms-flex-negative: 0;
  flex-shrink: 0;
  width: 40px;
  height: 40px;
  font-family: "Roboto","Helvetica","Arial",sans-serif;
  font-size: 1.25rem;
  line-height: 1;
  border-radius: 50%;
  overflow: hidden;
  -webkit-user-select: none;
  -moz-user-select: none;
  -ms-user-select: none;
  user-select: none;
  color: #fff;
  background-color: #bdbdbd;
}

.css-3 {
  -webkit-user-select: none;
  -moz-user-select: none;
  -ms-user-select: none;
  user-select: none;
  width: 1em;
  height: 1em;
  display: inline-block;
  fill: currentColor;
  -webkit-flex-shrink: 0;
  -ms-flex-negative: 0;
  flex-shrink: 0;
  -webkit-transition: fill 200ms cubic-bezier(0.4, 0, 0.2, 1) 0ms;
  transition: fill 200ms cubic-bezier(0.4, 0, 0.2, 1) 0ms;
  font-size: 1.5rem;
}

.css-4 {
  width: 18px;
  height: 18px;
  opacity: 1;
  cursor: pointer;
}

.css-4:hover {
  fill: #e0245e;
}

<div>
    <div
      class="css-0"
    >
      <div
        class="MuiBox-root css-1"
      >
        <div
          class="MuiAvatar-root MuiAvatar-circular MuiAvatar-colorDefault avatar css-2"
        >
          <svg
            aria-hidden="true"
            class="MuiSvgIcon-root MuiSvgIcon-fontSizeMedium css-3"
            data-testid="PersonIcon"
            focusable="false"
            viewBox="0 0 24 24"
          >
            <path
              d="M12 12c2.21 0 4-1.79 4-4s-1.79-4-4-4-4 1.79-4 4 1.79 4 4 4zm0 2c-2.67 0-8 1.34-8 4v2h16v-2c0-2.66-5.33-4-8-4z"
            />
          </svg>
        </div>
      </div>
      <div
        class="comment-info"
      >
        <div
          class="comment-info-user"
        >
          <span
            class="username"
          >
            shy-cloud-4965
          </span>
          <a
            href="/shy-cloud-4965"
          >
            <span
              class="secondary"
            >
              @shy-cloud-4965
            </span>
            <span
              class="secondary"
            >
              a few seconds ago
            </span>
          </a>
          <span>
            <svg
              class="css-4"
              loading=""
              viewBox="0 0 24 24"
            >
              <g>
                <path
                  d="M20.746 5.236h-3.75V4.25c0-1.24-1.01-2.25-2.25-2.25h-5.5c-1.24 0-2.25 1.01-2.25 2.25v.986h-3.75c-.414 0-.75.336-.75.75s.336.75.75.75h.368l1.583 13.262c.216 1.193 1.31 2.027 2.658 2.027h8.282c1.35 0 2.442-.834 2.664-2.072l1.577-13.217h.368c.414 0 .75-.336.75-.75s-.335-.75-.75-.75zM8.496 4.25c0-.413.337-.75.75-.75h5.5c.413 0 .75.337.75.75v.986h-7V4.25zm8.822 15.48c-.1.55-.664.795-1.18.795H7.854c-.517 0-1.083-.246-1.175-.75L5.126 6.735h13.74L17.32 19.732z"
                />
                <path
                  d="M10 17.75c.414 0 .75-.336.75-.75v-7c0-.414-.336-.75-.75-.75s-.75.336-.75.75v7c0 .414.336.75.75.75zm4 0c.414 0 .75-.336.75-.75v-7c0-.414-.336-.75-.75-.75s-.75.336-.75.75v7c0 .414.336.75.75.75z"
                />
              </g>
            </svg>
          </span>
        </div>
        <p>
          testing after changes in input converted to ts
        </p>
      </div>
    </div>
  </div>,
  "debug": [Function],
  "findAllByAltText": [Function],
  "findAllByDisplayValue": [Function],
  "findAllByLabelText": [Function],
  "findAllByPlaceholderText": [Function],
  "findAllByRole": [Function],
  "findAllByTestId": [Function],
  "findAllByText": [Function],
  "findAllByTitle": [Function],
  "findByAltText": [Function],
  "findByDisplayValue": [Function],
  "findByLabelText": [Function],
  "findByPlaceholderText": [Function],
  "findByRole": [Function],
  "findByTestId": [Function],
  "findByText": [Function],
  "findByTitle": [Function],
  "getAllByAltText": [Function],
  "getAllByDisplayValue": [Function],
  "getAllByLabelText": [Function],
  "getAllByPlaceholderText": [Function],
  "getAllByRole": [Function],
  "getAllByTestId": [Function],
  "getAllByText": [Function],
  "getAllByTitle": [Function],
  "getByAltText": [Function],
  "getByDisplayValue": [Function],
  "getByLabelText": [Function],
  "getByPlaceholderText": [Function],
  "getByRole": [Function],
  "getByTestId": [Function],
  "getByText": [Function],
  "getByTitle": [Function],
  "queryAllByAltText": [Function],
  "queryAllByDisplayValue": [Function],
  "queryAllByLabelText": [Function],
  "queryAllByPlaceholderText": [Function],
  "queryAllByRole": [Function],
  "queryAllByTestId": [Function],
  "queryAllByText": [Function],
  "queryAllByTitle": [Function],
  "queryByAltText": [Function],
  "queryByDisplayValue": [Function],
  "queryByLabelText": [Function],
  "queryByPlaceholderText": [Function],
  "queryByRole": [Function],
  "queryByTestId": [Function],
  "queryByText": [Function],
  "queryByTitle": [Function],
  "rerender": [Function],
  "unmount": [Function],
}
`;
