// Jest Snapshot v1, https://goo.gl/fbAQLP

exports[`Avtar renders correctly when User have avatar 1`] = `
<div
  className="MuiAvatar-root MuiAvatar-circular avatar css-1wlk0hk-MuiAvatar-root"
>
  <img
    className="MuiAvatar-img css-1pqm26d-MuiAvatar-img"
    src="https://sosol-prod.s3.us-west-2.amazonaws.com/images/Screenshot%20from%202022-02-01%2018-34-57.png"
  />
</div>
`;

exports[`Avtar renders correctly when User have no avatar 1`] = `
<div
  className="MuiAvatar-root MuiAvatar-circular MuiAvatar-colorDefault avatar css-2s90m6-MuiAvatar-root"
>
  <svg
    aria-hidden={true}
    className="MuiSvgIcon-root MuiSvgIcon-fontSizeMedium css-i4bv87-MuiSvgIcon-root"
    data-testid="PersonIcon"
    focusable="false"
    viewBox="0 0 24 24"
  >
    <path
      d="M12 12c2.21 0 4-1.79 4-4s-1.79-4-4-4-4 1.79-4 4 1.79 4 4 4zm0 2c-2.67 0-8 1.34-8 4v2h16v-2c0-2.66-5.33-4-8-4z"
    />
  </svg>
</div>
`;
