// Jest Snapshot v1, https://goo.gl/fbAQLP

exports[`NFT Gallery  1`] = `
Object {
  "asFragment": [Function],
  "baseElement": .css-3 {
  display: -webkit-box;
  display: -webkit-flex;
  display: -ms-flexbox;
  display: flex;
  -webkit-flex-direction: row;
  -ms-flex-direction: row;
  flex-direction: row;
  -webkit-box-flex-wrap: wrap;
  -webkit-flex-wrap: wrap;
  -ms-flex-wrap: wrap;
  flex-wrap: wrap;
  -webkit-box-pack: start;
  -ms-flex-pack: start;
  -webkit-justify-content: flex-start;
  justify-content: flex-start;
  -webkit-align-items: baseline;
  -webkit-box-align: baseline;
  -ms-flex-align: baseline;
  align-items: baseline;
}

.css-1 {
  padding-bottom: 24px;
  padding-right: 24px;
  display: -webkit-box;
  display: -webkit-flex;
  display: -ms-flexbox;
  display: flex;
  -webkit-flex-direction: column;
  -ms-flex-direction: column;
  flex-direction: column;
  min-width: auto;
}

.css-2 .nft-token-section {
  margin-bottom: 10px;
}

.css-2 .nft-gird {
  position: relative;
}

.css-2 .nft-gird .nft-img {
  width: 130px;
  height: 130px;
}

.css-2 .nft-gird span {
  display: inline-block;
  width: 40px;
  height: 40px;
  border-radius: 50%;
  position: absolute;
  right: -10px;
  bottom: 0;
}

.css-2 .nft-gird span img {
  border-radius: 50%;
  border: 5px solid undefined;
}

.css-2 .nft-gird .tokenPrice {
  position: absolute;
  top: 3px;
  right: 3px;
  background-color: #35a600;
  font-size: 11px;
  white-space: nowrap;
  width: auto;
  height: 21px;
  border-radius: 25px;
  padding: 2px 6px;
  text-transform: uppercase;
}

@media screen and (max-width: 767px) {
  .css-2 .nft-token-section {
    width: 73px;
  }

  .css-2 .nft-gird .nft-img {
    width: 73px;
    height: 73px;
  }

  .css-2 .nft-gird span {
    width: 20px;
    height: 20px;
    right: 6px;
    bottom: 15px;
  }
}

.css-5 {
  margin: 0;
  font-family: "Roboto","Helvetica","Arial",sans-serif;
  font-weight: 400;
  font-size: 1rem;
  line-height: 1.5;
  letter-spacing: 0.00938em;
  font-size: 0.8em;
  max-width: 120px;
  word-break: break-all;
}

<body>
    <div>
      <div
        class="css-3"
      >
        <div
          class="MuiBox-root css-1"
        >
          <div
            class="css-2"
          >
            <div
              class="nft-token-section"
            >
              <div
                class="MuiBox-root css-3"
              >
                <div
                  class="nft-gird"
                >
                  <img
                    alt="J1QmGAEabgZzFxSzEMGWCp7DT"
                    class="nft-img"
                    src="https://o.vengit.com/nft/7.png"
                    width="120"
                  />
                  <span>
                    <img
                      alt="J1QmGAEabgZzFxSzEMGWCp7DT"
                      height="40"
                      src="https://o.vengit.com/nft/7.png"
                      width="40"
                    />
                  </span>
                  <span
                    class="tokenPrice"
                  >
                    72 SOL
                  </span>
                </div>
              </div>
              <div
                class="MuiBox-root css-3"
              >
                <p
                  class="MuiTypography-root MuiTypography-body1 css-5"
                >
                  J1QmGAEabgZzFxSzEMGWCp7DT
                </p>
              </div>
            </div>
          </div>
          
        </div>
      </div>
      <div
        class="makeStyles-bottom-4 makeStyles-left-5 makeStyles-root-1"
      >
        <div
          class="MuiCollapse-root MuiCollapse-entered"
          style="min-height: 0px;"
        >
          <div
            class="MuiCollapse-wrapper"
          >
            <div
              class="MuiCollapse-wrapperInner"
            >
              <div
                class="SnackbarItem-root-8 SnackbarItem-wrappedRoot-23 SnackbarItem-anchorOriginBottomLeft-14"
              >
                <div
                  aria-describedby="notistack-snackbar"
                  class="ForwardRef-root-24 SnackbarItem-contentRoot-15 SnackbarItem-variantError-18 SnackbarItem-lessPadding-16"
                  role="alert"
                  style="webkit-transform: none; transform: none; webkit-transition: -webkit-transform 225ms cubic-bezier(0.0, 0, 0.2, 1) 0ms; transition: transform 225ms cubic-bezier(0.0, 0, 0.2, 1) 0ms;"
                >
                  <div
                    class="SnackbarItem-message-21"
                    id="notistack-snackbar"
                  >
                    <svg
                      aria-hidden="true"
                      class="MuiSvgIcon-root"
                      focusable="false"
                      style="font-size: 20px; margin-inline-end: 8px;"
                      viewBox="0 0 24 24"
                    >
                      <path
                        d="M12,2C17.53,2 22,6.47 22,12C22,17.53 17.53,22 12,22C6.47,22 2,17.53 2,12C2,
        6.47 6.47,2 12,2M15.59,7L12,10.59L8.41,7L7,8.41L10.59,12L7,15.59L8.41,17L12,
        13.41L15.59,17L17,15.59L13.41,12L17,8.41L15.59,7Z"
                      />
                    </svg>
                    Cannot read properties of undefined (reading 'getTokenAccountsByOwner')
                  </div>
                </div>
              </div>
            </div>
          </div>
        </div>
      </div>
    </div>
  </body>,
  "container": .css-3 {
  display: -webkit-box;
  display: -webkit-flex;
  display: -ms-flexbox;
  display: flex;
  -webkit-flex-direction: row;
  -ms-flex-direction: row;
  flex-direction: row;
  -webkit-box-flex-wrap: wrap;
  -webkit-flex-wrap: wrap;
  -ms-flex-wrap: wrap;
  flex-wrap: wrap;
  -webkit-box-pack: start;
  -ms-flex-pack: start;
  -webkit-justify-content: flex-start;
  justify-content: flex-start;
  -webkit-align-items: baseline;
  -webkit-box-align: baseline;
  -ms-flex-align: baseline;
  align-items: baseline;
}

.css-1 {
  padding-bottom: 24px;
  padding-right: 24px;
  display: -webkit-box;
  display: -webkit-flex;
  display: -ms-flexbox;
  display: flex;
  -webkit-flex-direction: column;
  -ms-flex-direction: column;
  flex-direction: column;
  min-width: auto;
}

.css-2 .nft-token-section {
  margin-bottom: 10px;
}

.css-2 .nft-gird {
  position: relative;
}

.css-2 .nft-gird .nft-img {
  width: 130px;
  height: 130px;
}

.css-2 .nft-gird span {
  display: inline-block;
  width: 40px;
  height: 40px;
  border-radius: 50%;
  position: absolute;
  right: -10px;
  bottom: 0;
}

.css-2 .nft-gird span img {
  border-radius: 50%;
  border: 5px solid undefined;
}

.css-2 .nft-gird .tokenPrice {
  position: absolute;
  top: 3px;
  right: 3px;
  background-color: #35a600;
  font-size: 11px;
  white-space: nowrap;
  width: auto;
  height: 21px;
  border-radius: 25px;
  padding: 2px 6px;
  text-transform: uppercase;
}

@media screen and (max-width: 767px) {
  .css-2 .nft-token-section {
    width: 73px;
  }

  .css-2 .nft-gird .nft-img {
    width: 73px;
    height: 73px;
  }

  .css-2 .nft-gird span {
    width: 20px;
    height: 20px;
    right: 6px;
    bottom: 15px;
  }
}

.css-5 {
  margin: 0;
  font-family: "Roboto","Helvetica","Arial",sans-serif;
  font-weight: 400;
  font-size: 1rem;
  line-height: 1.5;
  letter-spacing: 0.00938em;
  font-size: 0.8em;
  max-width: 120px;
  word-break: break-all;
}

<div>
    <div
      class="css-3"
    >
      <div
        class="MuiBox-root css-1"
      >
        <div
          class="css-2"
        >
          <div
            class="nft-token-section"
          >
            <div
              class="MuiBox-root css-3"
            >
              <div
                class="nft-gird"
              >
                <img
                  alt="J1QmGAEabgZzFxSzEMGWCp7DT"
                  class="nft-img"
                  src="https://o.vengit.com/nft/7.png"
                  width="120"
                />
                <span>
                  <img
                    alt="J1QmGAEabgZzFxSzEMGWCp7DT"
                    height="40"
                    src="https://o.vengit.com/nft/7.png"
                    width="40"
                  />
                </span>
                <span
                  class="tokenPrice"
                >
                  72 SOL
                </span>
              </div>
            </div>
            <div
              class="MuiBox-root css-3"
            >
              <p
                class="MuiTypography-root MuiTypography-body1 css-5"
              >
                J1QmGAEabgZzFxSzEMGWCp7DT
              </p>
            </div>
          </div>
        </div>
        
      </div>
    </div>
    <div
      class="makeStyles-bottom-4 makeStyles-left-5 makeStyles-root-1"
    >
      <div
        class="MuiCollapse-root MuiCollapse-entered"
        style="min-height: 0px;"
      >
        <div
          class="MuiCollapse-wrapper"
        >
          <div
            class="MuiCollapse-wrapperInner"
          >
            <div
              class="SnackbarItem-root-8 SnackbarItem-wrappedRoot-23 SnackbarItem-anchorOriginBottomLeft-14"
            >
              <div
                aria-describedby="notistack-snackbar"
                class="ForwardRef-root-24 SnackbarItem-contentRoot-15 SnackbarItem-variantError-18 SnackbarItem-lessPadding-16"
                role="alert"
                style="webkit-transform: none; transform: none; webkit-transition: -webkit-transform 225ms cubic-bezier(0.0, 0, 0.2, 1) 0ms; transition: transform 225ms cubic-bezier(0.0, 0, 0.2, 1) 0ms;"
              >
                <div
                  class="SnackbarItem-message-21"
                  id="notistack-snackbar"
                >
                  <svg
                    aria-hidden="true"
                    class="MuiSvgIcon-root"
                    focusable="false"
                    style="font-size: 20px; margin-inline-end: 8px;"
                    viewBox="0 0 24 24"
                  >
                    <path
                      d="M12,2C17.53,2 22,6.47 22,12C22,17.53 17.53,22 12,22C6.47,22 2,17.53 2,12C2,
        6.47 6.47,2 12,2M15.59,7L12,10.59L8.41,7L7,8.41L10.59,12L7,15.59L8.41,17L12,
        13.41L15.59,17L17,15.59L13.41,12L17,8.41L15.59,7Z"
                    />
                  </svg>
                  Cannot read properties of undefined (reading 'getTokenAccountsByOwner')
                </div>
              </div>
            </div>
          </div>
        </div>
      </div>
    </div>
  </div>,
  "debug": [Function],
  "findAllByAltText": [Function],
  "findAllByDisplayValue": [Function],
  "findAllByLabelText": [Function],
  "findAllByPlaceholderText": [Function],
  "findAllByRole": [Function],
  "findAllByTestId": [Function],
  "findAllByText": [Function],
  "findAllByTitle": [Function],
  "findByAltText": [Function],
  "findByDisplayValue": [Function],
  "findByLabelText": [Function],
  "findByPlaceholderText": [Function],
  "findByRole": [Function],
  "findByTestId": [Function],
  "findByText": [Function],
  "findByTitle": [Function],
  "getAllByAltText": [Function],
  "getAllByDisplayValue": [Function],
  "getAllByLabelText": [Function],
  "getAllByPlaceholderText": [Function],
  "getAllByRole": [Function],
  "getAllByTestId": [Function],
  "getAllByText": [Function],
  "getAllByTitle": [Function],
  "getByAltText": [Function],
  "getByDisplayValue": [Function],
  "getByLabelText": [Function],
  "getByPlaceholderText": [Function],
  "getByRole": [Function],
  "getByTestId": [Function],
  "getByText": [Function],
  "getByTitle": [Function],
  "queryAllByAltText": [Function],
  "queryAllByDisplayValue": [Function],
  "queryAllByLabelText": [Function],
  "queryAllByPlaceholderText": [Function],
  "queryAllByRole": [Function],
  "queryAllByTestId": [Function],
  "queryAllByText": [Function],
  "queryAllByTitle": [Function],
  "queryByAltText": [Function],
  "queryByDisplayValue": [Function],
  "queryByLabelText": [Function],
  "queryByPlaceholderText": [Function],
  "queryByRole": [Function],
  "queryByTestId": [Function],
  "queryByText": [Function],
  "queryByTitle": [Function],
  "rerender": [Function],
  "unmount": [Function],
}
`;
