// Jest Snapshot v1, https://goo.gl/fbAQLP

exports[`<Input/> component : display <Input/> component  1`] = `
Object {
  "asFragment": [Function],
  "baseElement": .css-0 {
  width: 315px;
  background: undefined;
  padding: 0.2rem 0.4rem;
  display: -webkit-box;
  display: -webkit-flex;
  display: -ms-flexbox;
  display: flex;
  -webkit-flex-direction: column;
  -ms-flex-direction: column;
  flex-direction: column;
  -webkit-box-pack: justify;
  -webkit-justify-content: space-between;
  justify-content: space-between;
  border-bottom: 1px solid undefined;
  margin-bottom: 2rem;
}

.css-0 input {
  width: 100%;
  padding: 0.5rem;
  background: inherit;
  border: none;
  font-size: 1rem;
}

.css-0 label {
  margin-bottom: 2px;
}

.css-0 label.fullWidth {
  width: 100%;
}

.css-0 label.hideLabel {
  border: 0;
  clip: rect(0 0 0 0);
  height: 1px;
  margin: -1px;
  overflow: hidden;
  padding: 0;
  position: absolute;
  width: 1px;
}

<body>
    <div>
      <div
        class="css-0"
        lg="false"
      >
        <label
          class=""
        />
        <input
          autocomplete="new-password"
          type="text"
          value=""
        />
      </div>
    </div>
  </body>,
  "container": .css-0 {
  width: 315px;
  background: undefined;
  padding: 0.2rem 0.4rem;
  display: -webkit-box;
  display: -webkit-flex;
  display: -ms-flexbox;
  display: flex;
  -webkit-flex-direction: column;
  -ms-flex-direction: column;
  flex-direction: column;
  -webkit-box-pack: justify;
  -webkit-justify-content: space-between;
  justify-content: space-between;
  border-bottom: 1px solid undefined;
  margin-bottom: 2rem;
}

.css-0 input {
  width: 100%;
  padding: 0.5rem;
  background: inherit;
  border: none;
  font-size: 1rem;
}

.css-0 label {
  margin-bottom: 2px;
}

.css-0 label.fullWidth {
  width: 100%;
}

.css-0 label.hideLabel {
  border: 0;
  clip: rect(0 0 0 0);
  height: 1px;
  margin: -1px;
  overflow: hidden;
  padding: 0;
  position: absolute;
  width: 1px;
}

<div>
    <div
      class="css-0"
      lg="false"
    >
      <label
        class=""
      />
      <input
        autocomplete="new-password"
        type="text"
        value=""
      />
    </div>
  </div>,
  "debug": [Function],
  "findAllByAltText": [Function],
  "findAllByDisplayValue": [Function],
  "findAllByLabelText": [Function],
  "findAllByPlaceholderText": [Function],
  "findAllByRole": [Function],
  "findAllByTestId": [Function],
  "findAllByText": [Function],
  "findAllByTitle": [Function],
  "findByAltText": [Function],
  "findByDisplayValue": [Function],
  "findByLabelText": [Function],
  "findByPlaceholderText": [Function],
  "findByRole": [Function],
  "findByTestId": [Function],
  "findByText": [Function],
  "findByTitle": [Function],
  "getAllByAltText": [Function],
  "getAllByDisplayValue": [Function],
  "getAllByLabelText": [Function],
  "getAllByPlaceholderText": [Function],
  "getAllByRole": [Function],
  "getAllByTestId": [Function],
  "getAllByText": [Function],
  "getAllByTitle": [Function],
  "getByAltText": [Function],
  "getByDisplayValue": [Function],
  "getByLabelText": [Function],
  "getByPlaceholderText": [Function],
  "getByRole": [Function],
  "getByTestId": [Function],
  "getByText": [Function],
  "getByTitle": [Function],
  "queryAllByAltText": [Function],
  "queryAllByDisplayValue": [Function],
  "queryAllByLabelText": [Function],
  "queryAllByPlaceholderText": [Function],
  "queryAllByRole": [Function],
  "queryAllByTestId": [Function],
  "queryAllByText": [Function],
  "queryAllByTitle": [Function],
  "queryByAltText": [Function],
  "queryByDisplayValue": [Function],
  "queryByLabelText": [Function],
  "queryByPlaceholderText": [Function],
  "queryByRole": [Function],
  "queryByTestId": [Function],
  "queryByText": [Function],
  "queryByTitle": [Function],
  "rerender": [Function],
  "unmount": [Function],
}
`;
